// Jest Snapshot v1, https://goo.gl/fbAQLP

exports[`Testing Button Add Topic Post should match snapshot 1`] = `
<View
  style={
    Object {
      "backgroundColor": "#0000",
    }
  }
>
  <View
    style={
      Object {
        "bottom": NaN,
        "elevation": 3,
        "position": "absolute",
        "right": NaN,
        "shadowColor": "#000",
        "shadowOffset": Object {
          "height": 1,
          "width": 0,
        },
        "shadowOpacity": 0.8,
        "shadowRadius": 1,
        "zIndex": 1,
      }
    }
  >
    <View
      accessible={true}
      focusable={true}
      onClick={[Function]}
      onResponderGrant={[Function]}
      onResponderMove={[Function]}
      onResponderRelease={[Function]}
      onResponderTerminate={[Function]}
      onResponderTerminationRequest={[Function]}
      onStartShouldSetResponder={[Function]}
      style={
        Object {
          "backgroundColor": "#00ADB5",
          "borderRadius": NaN,
          "justifyContent": "center",
          "opacity": 1,
        }
      }
      testID="onaddtopicbutton"
    >
      <View
        style={
          Object {
            "alignItems": "center",
            "flexDirection": "row",
            "justifyContent": "center",
            "paddingLeft": NaN,
            "paddingRight": NaN,
          }
        }
      >
        <View />
        <Text
          style={
            Object {
              "alignSelf": "center",
              "color": "#ffffff",
              "fontFamily": "Inter",
              "fontSize": 12,
              "fontStyle": "normal",
              "fontWeight": "400",
              "lineHeight": 14,
              "marginBottom": NaN,
              "marginLeft": NaN,
              "marginTop": NaN,
            }
          }
        >
          Post to 
Community
        </Text>
      </View>
    </View>
  </View>
</View>
`;
