// Jest Snapshot v1, https://goo.gl/fbAQLP

exports[`Testing Button Add Topic Post should match snapshot 1`] = `
<View
  style={
    Object {
      "backgroundColor": "#FFFFFF",
      "bottom": 27,
      "position": "absolute",
      "right": 0,
      "zIndex": 99,
    }
  }
>
  <View
    style={
      Object {
        "bottom": 12.8,
        "elevation": 3,
        "position": "absolute",
        "right": 12.8,
        "shadowColor": "#FFFFFF",
        "shadowOffset": Object {
          "height": 1,
          "width": 0,
        },
        "shadowOpacity": 0.8,
        "shadowRadius": 1,
        "zIndex": 1,
      }
    }
  >
    <View
      accessible={true}
      focusable={true}
      onClick={[Function]}
      onResponderGrant={[Function]}
      onResponderMove={[Function]}
      onResponderRelease={[Function]}
      onResponderTerminate={[Function]}
      onResponderTerminationRequest={[Function]}
      onStartShouldSetResponder={[Function]}
      style={
        Object {
          "backgroundColor": "#0391FB",
          "borderRadius": 40,
          "justifyContent": "center",
          "opacity": 1,
        }
      }
      testID="onaddtopicbutton"
    >
      <View
        style={
          Object {
            "alignItems": "center",
            "flexDirection": "row",
            "justifyContent": "center",
            "paddingLeft": 8,
            "paddingRight": 8,
          }
        }
      >
        <View />
        <Text
          style={
            Object {
              "alignSelf": "center",
              "color": "#16202A",
              "fontFamily": "Inter",
              "fontSize": 12,
              "fontStyle": "normal",
              "fontWeight": "400",
              "lineHeight": 14,
              "marginBottom": 5.6000000000000005,
              "marginLeft": 5.6000000000000005,
              "marginTop": 6.4,
            }
          }
        >
          Post to 
Community
        </Text>
      </View>
    </View>
  </View>
</View>
`;
