// Jest Snapshot v1, https://goo.gl/fbAQLP

exports[`AnonymousAvatar test Should match version 1 snapshot 1`] = `
<Image
  height={15}
  source={
    Object {
      "testUri": "../../../src/assets/images/AnonymousProfile.png",
    }
  }
  style={
    Object {
      "height": 38.400000000000006,
      "marginRight": 0,
      "width": 38.400000000000006,
    }
  }
  width={15}
/>
`;

exports[`AnonymousAvatar test Should match version 2 snapshot 1`] = `
<View
  style={
    Object {
      "backgroundColor": "#000000",
      "borderRadius": 7.5,
      "height": 15,
      "justifyContent": "center",
      "width": 15,
    }
  }
  testID="newVersion"
>
  <Text
    style={
      Object {
        "alignSelf": "center",
        "fontSize": 10,
        "textAlign": "center",
      }
    }
  >
    😀
  </Text>
</View>
`;
