// Jest Snapshot v1, https://goo.gl/fbAQLP

exports[`AnonymousAvatar test Should match version 1 snapshot 1`] = `
<Image
  height={15}
  source={
    Object {
      "testUri": "../../../src/assets/images/AnonymousProfile.png",
    }
  }
  style={
    Object {
      "height": 38.400000000000006,
      "marginRight": 0,
      "width": 38.400000000000006,
    }
  }
  width={15}
/>
`;

exports[`AnonymousAvatar test Should match version 2 snapshot 1`] = `
<View
  accessible={true}
  focusable={false}
  onClick={[Function]}
  onResponderGrant={[Function]}
  onResponderMove={[Function]}
  onResponderRelease={[Function]}
  onResponderTerminate={[Function]}
  onResponderTerminationRequest={[Function]}
  onStartShouldSetResponder={[Function]}
>
  <View
    style={
      Array [
        Object {
          "alignItems": "center",
          "borderRadius": 100,
          "height": 9.600000000000001,
          "justifyContent": "center",
          "marginHorizontal": 1.169999999999999,
          "marginVertical": 1.169999999999999,
          "width": 9.600000000000001,
        },
        Object {
          "backgroundColor": "#000000",
        },
      ]
    }
  >
    <Text
      style={
        Object {
          "alignSelf": "center",
          "fontSize": 7.5,
          "textAlign": "center",
        }
      }
    >
      😀
    </Text>
  </View>
</View>
`;
