// Jest Snapshot v1, https://goo.gl/fbAQLP

exports[`AnonymousAvatar test Should match version 1 snapshot 1`] = `
<Image
  height={15}
  source={
    Object {
      "testUri": "../../../src/assets/images/AnonymousProfile.png",
    }
  }
  style={
    Object {
      "height": 38.400000000000006,
      "marginRight": 0,
      "width": 38.400000000000006,
    }
  }
  width={15}
/>
`;

exports[`AnonymousAvatar test Should match version 2 snapshot 1`] = `
<View>
  <View
    style={
      Object {
        "alignItems": "baseline",
        "borderRadius": 9999,
        "height": 40,
        "justifyContent": "center",
        "position": "relative",
        "width": 40,
      }
    }
    testID="images"
  >
    <View
      style={
        Object {
          "height": 40,
          "position": "relative",
          "width": 40,
        }
      }
    >
      <View />
      <View
        style={
          Object {
            "position": "absolute",
          }
        }
      >
        <View
          style={
            Array [
              Object {
                "alignItems": "center",
                "borderRadius": 100,
                "height": 36.800000000000004,
                "justifyContent": "center",
                "marginHorizontal": 1.5,
                "marginVertical": 1.5,
                "width": 36.800000000000004,
              },
              Object {
                "backgroundColor": "#000000",
              },
            ]
          }
        >
          <Text
            style={
              Object {
                "alignSelf": "center",
                "fontSize": 25,
                "textAlign": "center",
              }
            }
          >
            😀
          </Text>
        </View>
      </View>
    </View>
  </View>
</View>
`;
