// Jest Snapshot v1, https://goo.gl/fbAQLP

exports[`component MenuPostItem MenuPostItem snapshot 1`] = `
<Pressable
  hitSlop={
    Object {
      "bottom": 0,
      "top": 0,
    }
  }
  onPress={Object {}}
  style={
    Object {
      "alignItems": "center",
      "backgroundColor": "#F5F5F5",
      "borderRadius": 8,
      "flexDirection": "row",
      "justifyContent": "space-between",
      "paddingLeft": 19,
      "paddingRight": 24,
    }
  }
>
  <View
    style={
      Object {
        "alignItems": "center",
        "flexDirection": "row",
      }
    }
  >
    <ForwardRef
      onPress={Object {}}
    >
      <View />
    </ForwardRef>
    <Text>
      Test
    </Text>
  </View>
</Pressable>
`;
