// Jest Snapshot v1, https://goo.gl/fbAQLP

exports[`component Search SearchAutoComplete snapshot 1`] = `
<View
  style={
    Object {
      "position": "relative",
    }
  }
>
  <View
    style={
      Object {
        "alignItems": "center",
        "backgroundColor": "#FFFFFF",
        "borderColor": "#BDBDBD",
        "borderRadius": 8,
        "borderWidth": 1,
        "flexDirection": "row",
        "height": 48,
        "paddingLeft": 13,
        "position": "relative",
      }
    }
  >
    <[object Object]
      fill="#000"
      height={16.67}
      width={16.67}
    />
    <Component
      allowFontScaling={true}
      onChangeText={[Function]}
      placeholder="Search"
      rejectResponderTermination={true}
      style={
        Object {
          "color": "#BDBDBD",
          "fontFamily": "Inter",
          "fontSize": 13,
          "fontStyle": "normal",
          "fontWeight": "normal",
          "height": 40,
          "letterSpacing": -0.28,
          "marginLeft": 5,
          "width": "90%",
        }
      }
      underlineColorAndroid="transparent"
      value="SearchModal"
    />
  </View>
</View>
`;
