// Jest Snapshot v1, https://goo.gl/fbAQLP

exports[`component Search Search snapshot 1`] = `
<View
  style={
    Object {
      "alignItems": "center",
      "backgroundColor": "#FFFFFF",
      "borderColor": "#BDBDBD",
      "borderRadius": 8,
      "borderWidth": 1,
      "flexDirection": "row",
      "height": 48,
      "paddingLeft": 13,
    }
  }
>
  <[object Object]
    fill="#000"
    height={16.67}
    width={16.67}
  />
  <Component
    allowFontScaling={true}
    onChangeText={[Function]}
    placeholder="input search"
    rejectResponderTermination={true}
    style={
      Object {
        "color": "#BDBDBD",
        "fontFamily": "Inter",
        "fontSize": 13,
        "fontStyle": "normal",
        "fontWeight": "normal",
        "height": 40,
        "letterSpacing": -0.28,
        "marginLeft": 5,
        "width": "90%",
      }
    }
    underlineColorAndroid="transparent"
    value="Search"
  />
</View>
`;
