// Jest Snapshot v1, https://goo.gl/fbAQLP

exports[`component VirtualizedView VirtualizedView snapshot 1`] = `
<FlatList
  ListEmptyComponent={null}
  ListHeaderComponent={[Function]}
  data={Array []}
  disableVirtualization={false}
  horizontal={false}
  initialNumToRender={10}
  keyExtractor={[Function]}
  maxToRenderPerBatch={10}
  numColumns={1}
  onEndReachedThreshold={2}
  refreshControl={
    <RefreshControlMock
      onRefresh={[Function]}
      refreshing={false}
    />
  }
  removeClippedSubviews={false}
  renderItem={null}
  scrollEventThrottle={50}
  style={Object {}}
  updateCellsBatchingPeriod={50}
  windowSize={21}
/>
`;
