// Jest Snapshot v1, https://goo.gl/fbAQLP

exports[`component VirtualizedView VirtualizedView snapshot 1`] = `
<[object Object]
  ListEmptyComponent={null}
  ListHeaderComponent={[Function]}
  data={Array []}
  keyExtractor={[Function]}
  refreshControl={
    <UNDEFINED
      onRefresh={[Function]}
      refreshing={false}
    />
  }
  renderItem={null}
  style={Object {}}
/>
`;
