// Jest Snapshot v1, https://goo.gl/fbAQLP

exports[`TaggingUserText component test should render and match snapshot 1`] = `
<Text
  onPress={[Function]}
  style={
    Array [
      Object {
        "color": "#2C67BC",
        "fontFamily": "Inter-Medium",
      },
      Object {
        "color": "#2C67BC",
      },
    ]
  }
  testID="TaggingUserTextComponent"
>
  @fajarism
</Text>
`;
