// Jest Snapshot v1, https://goo.gl/fbAQLP

exports[`component SheetPrivacy SheetPrivacy renders correctly 1`] = `
<Modal
  animationType="none"
  hardwareAccelerated={false}
  onRequestClose={[Function]}
  supportedOrientations={
    Array [
      "portrait",
      "portrait-upside-down",
      "landscape",
      "landscape-left",
      "landscape-right",
    ]
  }
  transparent={true}
  visible={false}
>
  <View
    onLayout={[Function]}
    style={
      Array [
        Array [
          Object {
            "backgroundColor": "#00000077",
            "flex": 1,
          },
          undefined,
        ],
        Object {
          "paddingBottom": 0,
        },
      ]
    }
  >
    <View
      accessible={true}
      focusable={true}
      onClick={[Function]}
      onResponderGrant={[Function]}
      onResponderMove={[Function]}
      onResponderRelease={[Function]}
      onResponderTerminate={[Function]}
      onResponderTerminationRequest={[Function]}
      onStartShouldSetResponder={[Function]}
      style={
        Object {
          "backgroundColor": "transparent",
          "flex": 1,
          "opacity": 1,
        }
      }
    />
    <View
      onMoveShouldSetResponder={[Function]}
      onMoveShouldSetResponderCapture={[Function]}
      onResponderEnd={[Function]}
      onResponderGrant={[Function]}
      onResponderMove={[Function]}
      onResponderReject={[Function]}
      onResponderRelease={[Function]}
      onResponderStart={[Function]}
      onResponderTerminate={[Function]}
      onResponderTerminationRequest={[Function]}
      onStartShouldSetResponder={[Function]}
      onStartShouldSetResponderCapture={[Function]}
      style={
        Object {
          "backgroundColor": "#fff",
          "borderTopLeftRadius": 20,
          "borderTopRightRadius": 20,
          "height": 0,
          "overflow": "hidden",
          "transform": Array [
            Object {
              "translateX": 0,
            },
            Object {
              "translateY": 0,
            },
          ],
          "width": "100%",
        }
      }
    >
      <View
        style={
          Object {
            "alignItems": "center",
            "backgroundColor": "transparent",
            "width": "100%",
          }
        }
      >
        <View
          style={
            Array [
              Object {
                "backgroundColor": "#ccc",
                "borderRadius": 5,
                "height": 5,
                "margin": 10,
                "width": 35,
              },
              Object {
                "backgroundColor": "#E0E0E0",
              },
            ]
          }
        />
      </View>
      <View
        style={
          Object {
            "paddingBottom": 38,
            "paddingTop": 20,
          }
        }
      >
        <Text
          style={
            Object {
              "color": "#000000",
              "fontFamily": "Inter-Semi-bold",
              "fontSize": 18,
              "fontWeight": "bold",
              "paddingHorizontal": 20,
            }
          }
        >
          Privacy
        </Text>
        <View
          accessible={true}
          focusable={true}
          onClick={[Function]}
          onResponderGrant={[Function]}
          onResponderMove={[Function]}
          onResponderRelease={[Function]}
          onResponderTerminate={[Function]}
          onResponderTerminationRequest={[Function]}
          onStartShouldSetResponder={[Function]}
          style={
            Object {
              "alignItems": "center",
              "borderBottomColor": "#E0E0E0",
              "borderBottomWidth": 1,
              "flexDirection": "row",
              "justifyContent": "space-between",
              "opacity": 1,
              "paddingHorizontal": 20,
              "paddingVertical": 16,
            }
          }
        >
          <View
            style={
              Object {
                "alignItems": "center",
                "flexDirection": "row",
                "flexWrap": "nowrap",
                "width": "auto",
              }
            }
          >
            <View />
            <View
              style={
                Object {
                  "flexWrap": "nowrap",
                  "paddingLeft": 12,
                  "width": "88%",
                }
              }
            >
              <Text
                style={
                  Object {
                    "color": "#000000",
                    "fontFamily": "Inter-Medium",
                    "fontSize": 14,
                    "fontWeight": "500",
                  }
                }
              >
                Public
              </Text>
              <Text
                style={
                  Object {
                    "color": "#828282",
                    "flexWrap": "wrap",
                    "fontFamily": "Inter-Regular",
                    "fontSize": 12,
                    "fontWeight": "400",
                  }
                }
              >
                Anyone in your geographic target area can see your post
              </Text>
            </View>
          </View>
        </View>
        <View
          accessible={true}
          focusable={true}
          onClick={[Function]}
          onResponderGrant={[Function]}
          onResponderMove={[Function]}
          onResponderRelease={[Function]}
          onResponderTerminate={[Function]}
          onResponderTerminationRequest={[Function]}
          onStartShouldSetResponder={[Function]}
          style={
            Object {
              "alignItems": "center",
              "borderBottomColor": "#E0E0E0",
              "borderBottomWidth": 1,
              "flexDirection": "row",
              "justifyContent": "space-between",
              "opacity": 1,
              "paddingHorizontal": 20,
              "paddingVertical": 16,
            }
          }
        >
          <View
            style={
              Object {
                "alignItems": "center",
                "flexDirection": "row",
                "flexWrap": "nowrap",
                "width": "auto",
              }
            }
          >
            <View />
            <View
              style={
                Object {
                  "flexWrap": "nowrap",
                  "paddingLeft": 12,
                  "width": "88%",
                }
              }
            >
              <Text
                style={
                  Object {
                    "color": "#000000",
                    "fontFamily": "Inter-Medium",
                    "fontSize": 14,
                    "fontWeight": "500",
                  }
                }
              >
                People I follow
              </Text>
              <Text
                style={
                  Object {
                    "color": "#828282",
                    "flexWrap": "wrap",
                    "fontFamily": "Inter-Regular",
                    "fontSize": 12,
                    "fontWeight": "400",
                  }
                }
              >
                Only those you follow can see your post
              </Text>
            </View>
          </View>
          <Icon
            color="#00ADB5"
            name="check-circle"
            size={20}
          />
        </View>
      </View>
    </View>
  </View>
</Modal>
`;

exports[`component SheetPrivacy SheetPrivacy snapshot 1`] = `
<RBSheet
  animationType="none"
  closeDuration={200}
  closeOnDragDown={true}
  closeOnPressBack={true}
  closeOnPressMask={true}
  customStyles={
    Object {
      "container": Object {
        "borderTopLeftRadius": 20,
        "borderTopRightRadius": 20,
      },
      "draggableIcon": Object {
        "backgroundColor": "#E0E0E0",
      },
    }
  }
  dragFromTopOnly={false}
  height={260}
  keyboardAvoidingViewEnabled={false}
  minClosingHeight={0}
  onClose={null}
  onOpen={null}
  openDuration={300}
>
  <View
    style={
      Object {
        "paddingBottom": 38,
        "paddingTop": 20,
      }
    }
  >
    <Text
      style={
        Object {
          "color": "#000000",
          "fontFamily": "Inter-Semi-bold",
          "fontSize": 18,
          "fontWeight": "bold",
          "paddingHorizontal": 20,
        }
      }
    >
      Privacy
    </Text>
    <FlatListItem
      desc="Anyone in your geographic target area can see your post"
      icon={
        <Memo(Ic_world)
          height={16.67}
          width={16.67}
        />
      }
      index={0}
      key="0"
      onSelect={[Function]}
      select={1}
      value="Public"
    />
    <FlatListItem
      desc="Only those you follow can see your post"
      icon={
        <Memo(Ic_user_group)
          height={16.67}
          width={16.67}
        />
      }
      index={1}
      key="1"
      onSelect={[Function]}
      select={1}
      value="People I follow"
    />
  </View>
</RBSheet>
`;
