// Jest Snapshot v1, https://goo.gl/fbAQLP

exports[`SpecificIssue Block Component test should pass should render 1`] = `
<Modal
  animationType="none"
  hardwareAccelerated={false}
  onRequestClose={[Function]}
  supportedOrientations={
    Array [
      "portrait",
      "portrait-upside-down",
      "landscape",
      "landscape-left",
      "landscape-right",
    ]
  }
  transparent={true}
  visible={false}
>
  <View
    onLayout={[Function]}
    style={
      Array [
        Array [
          Object {
            "backgroundColor": "#00000077",
            "flex": 1,
          },
          undefined,
        ],
        Object {
          "paddingBottom": 0,
        },
      ]
    }
  >
    <View
      accessible={true}
      focusable={true}
      onClick={[Function]}
      onResponderGrant={[Function]}
      onResponderMove={[Function]}
      onResponderRelease={[Function]}
      onResponderTerminate={[Function]}
      onResponderTerminationRequest={[Function]}
      onStartShouldSetResponder={[Function]}
      style={
        Object {
          "backgroundColor": "transparent",
          "flex": 1,
          "opacity": 1,
        }
      }
    />
    <View
      onMoveShouldSetResponder={[Function]}
      onMoveShouldSetResponderCapture={[Function]}
      onResponderEnd={[Function]}
      onResponderGrant={[Function]}
      onResponderMove={[Function]}
      onResponderReject={[Function]}
      onResponderRelease={[Function]}
      onResponderStart={[Function]}
      onResponderTerminate={[Function]}
      onResponderTerminationRequest={[Function]}
      onStartShouldSetResponder={[Function]}
      onStartShouldSetResponderCapture={[Function]}
      style={
        Object {
          "backgroundColor": "#fff",
          "borderTopLeftRadius": 20,
          "borderTopRightRadius": 20,
          "height": "auto",
          "overflow": "hidden",
          "transform": Array [
            Object {
              "translateX": 0,
            },
            Object {
              "translateY": 0,
            },
          ],
          "width": "100%",
        }
      }
    >
      <View
        style={
          Object {
            "alignItems": "center",
            "backgroundColor": "transparent",
            "width": "100%",
          }
        }
      >
        <View
          style={
            Array [
              Object {
                "backgroundColor": "#ccc",
                "borderRadius": 5,
                "height": 5,
                "margin": 10,
                "width": 35,
              },
              Object {
                "backgroundColor": "#F5F6F7",
                "width": 60,
              },
            ]
          }
        />
      </View>
      <View>
        <Text
          style={
            Object {
              "color": "#1E1F20",
              "fontFamily": "Inter-Bold",
              "fontSize": 18,
              "marginLeft": 21,
              "marginTop": 18,
            }
          }
        >
          Please specify the issue
        </Text>
        <TextInput
          allowFontScaling={true}
          multiline={true}
          onChangeText={[Function]}
          placeholder="Please provide more details to inform our
 team (min. 50 characters)"
          rejectResponderTermination={true}
          style={
            Object {
              "backgroundColor": "#F5F6F7",
              "borderRadius": 8,
              "color": "#828282",
              "fontFamily": "Inter-Regular",
              "height": 233,
              "marginLeft": 17,
              "marginRight": 23,
              "marginTop": 14,
              "paddingLeft": 19,
              "paddingRight": 13,
              "paddingVertical": 19,
            }
          }
          textAlignVertical="top"
          underlineColorAndroid="transparent"
          value=""
        />
        <View
          accessible={true}
          focusable={true}
          onClick={[Function]}
          onResponderGrant={[Function]}
          onResponderMove={[Function]}
          onResponderRelease={[Function]}
          onResponderTerminate={[Function]}
          onResponderTerminationRequest={[Function]}
          onStartShouldSetResponder={[Function]}
          style={
            Object {
              "backgroundColor": "#F5F6F7",
              "flexDirection": "row",
              "justifyContent": "space-between",
              "marginVertical": 22,
              "opacity": 1,
              "paddingHorizontal": 17,
              "paddingVertical": 18,
            }
          }
          testID="button-skip-test"
        >
          <Text
            style={
              Object {
                "color": "#1E1F20",
                "fontFamily": "Inter-Bold",
                "fontSize": 14,
              }
            }
          >
            Skip & just block this account
          </Text>
          <Icon
            color="#1E1F20"
            name="chevron-right"
            size={17}
          />
        </View>
        <View
          style={
            Object {
              "marginBottom": 19,
              "marginLeft": 18,
              "marginRight": 22,
            }
          }
        >
          <View
            accessible={true}
            focusable={true}
            onClick={[Function]}
            onResponderGrant={[Function]}
            onResponderMove={[Function]}
            onResponderRelease={[Function]}
            onResponderTerminate={[Function]}
            onResponderTerminationRequest={[Function]}
            onStartShouldSetResponder={[Function]}
            style={
              Object {
                "alignItems": "center",
                "backgroundColor": "#0391FB",
                "borderRadius": 6.4,
                "flexDirection": "row",
                "height": 40,
                "justifyContent": "center",
                "opacity": 1,
                "paddingHorizontal": 20,
              }
            }
            testID="button-report-test"
          >
            <Text
              style={
                Object {
                  "color": "#FFFFFF",
                  "fontFamily": "Inter-SemiBold",
                  "fontSize": 18,
                }
              }
            >
              <Text>
                File Report
              </Text>
            </Text>
          </View>
        </View>
      </View>
    </View>
  </View>
</Modal>
`;
