// Jest Snapshot v1, https://goo.gl/fbAQLP

exports[`News search should run correctly Should match snapshot 1`] = `
<View
  style={
    Object {
      "backgroundColor": "#16202A",
      "borderBottomColor": "#1E3343",
      "borderBottomWidth": 1,
      "flexDirection": "row",
      "height": 50,
      "left": 0,
      "marginTop": 0,
      "paddingBottom": 7,
      "paddingTop": 7,
      "position": "absolute",
      "right": 0,
      "top": undefined,
      "zIndex": 10,
    }
  }
>
  <View
    accessible={true}
    focusable={true}
    onClick={[Function]}
    onResponderGrant={[Function]}
    onResponderMove={[Function]}
    onResponderRelease={[Function]}
    onResponderTerminate={[Function]}
    onResponderTerminationRequest={[Function]}
    onStartShouldSetResponder={[Function]}
    style={
      Object {
        "alignSelf": "center",
        "opacity": 1,
        "paddingLeft": 28,
      }
    }
    testID="news-search-back-button"
  >
    <SvgMock />
  </View>
  <View
    accessible={true}
    collapsable={false}
    focusable={true}
    style={
      Object {
        "flex": 1,
      }
    }
    testID="containerPress"
  >
    <View
      style={
        Object {
          "alignSelf": "center",
          "backgroundColor": "#1E3343",
          "borderRadius": 8,
          "flex": 1,
          "flexDirection": "row",
          "height": 36,
          "marginLeft": 10,
          "marginRight": 20,
        }
      }
    >
      <View
        style={
          Object {
            "alignSelf": "center",
            "justifyContent": "center",
            "marginLeft": 8,
          }
        }
      >
        <View />
      </View>
      <Text
        style={
          Object {
            "alignSelf": "center",
            "color": "#7E8FA0",
            "flex": 1,
            "fontFamily": "Inter-Regular",
            "fontSize": 14,
            "marginRight": 16,
            "paddingBottom": 0,
            "paddingStart": 10,
            "paddingTop": 0,
          }
        }
      >
        Search Recent Articles
      </Text>
    </View>
  </View>
</View>
`;
