// Jest Snapshot v1, https://goo.gl/fbAQLP

exports[`DummyLogin should run correctly should match snapshot 1`] = `
Array [
  <View
    style={
      Object {
        "backgroundColor": "red",
        "left": 0,
        "paddingTop": 0,
        "position": "absolute",
        "top": 0,
        "width": "100%",
        "zIndex": 999,
      }
    }
  >
    <View
      accessibilityRole="button"
      accessibilityState={Object {}}
      accessible={true}
      focusable={true}
      onClick={[Function]}
      onResponderGrant={[Function]}
      onResponderMove={[Function]}
      onResponderRelease={[Function]}
      onResponderTerminate={[Function]}
      onResponderTerminationRequest={[Function]}
      onStartShouldSetResponder={[Function]}
      style={
        Object {
          "opacity": 1,
        }
      }
      testID="dummyonboarding"
    >
      <View
        style={
          Array [
            Object {},
          ]
        }
      >
        <Text
          style={
            Array [
              Object {
                "color": "#007AFF",
                "fontSize": 18,
                "margin": 8,
                "textAlign": "center",
              },
            ]
          }
        >
          Dev Dummy Onboarding
        </Text>
      </View>
    </View>
    <View
      accessibilityRole="button"
      accessibilityState={Object {}}
      accessible={true}
      focusable={true}
      onClick={[Function]}
      onResponderGrant={[Function]}
      onResponderMove={[Function]}
      onResponderRelease={[Function]}
      onResponderTerminate={[Function]}
      onResponderTerminationRequest={[Function]}
      onStartShouldSetResponder={[Function]}
      style={
        Object {
          "opacity": 1,
        }
      }
      testID="demologin"
    >
      <View
        style={
          Array [
            Object {},
          ]
        }
      >
        <Text
          style={
            Array [
              Object {
                "color": "#007AFF",
                "fontSize": 18,
                "margin": 8,
                "textAlign": "center",
              },
            ]
          }
        >
          Demo Login
        </Text>
      </View>
    </View>
    <View
      accessibilityRole="button"
      accessibilityState={Object {}}
      accessible={true}
      focusable={true}
      onClick={[Function]}
      onResponderGrant={[Function]}
      onResponderMove={[Function]}
      onResponderRelease={[Function]}
      onResponderTerminate={[Function]}
      onResponderTerminationRequest={[Function]}
      onStartShouldSetResponder={[Function]}
      style={
        Object {
          "opacity": 1,
        }
      }
      testID="closedemo"
    >
      <View
        style={
          Array [
            Object {},
          ]
        }
      >
        <Text
          style={
            Array [
              Object {
                "color": "#007AFF",
                "fontSize": 18,
                "margin": 8,
                "textAlign": "center",
              },
            ]
          }
        >
          Close Demo Menu
        </Text>
      </View>
    </View>
    <Modal
      animationType="none"
      hardwareAccelerated={false}
      onRequestClose={[Function]}
      supportedOrientations={
        Array [
          "portrait",
          "portrait-upside-down",
          "landscape",
          "landscape-left",
          "landscape-right",
        ]
      }
      transparent={true}
      visible={false}
    >
      <View
        onLayout={[Function]}
        style={
          Array [
            Array [
              Object {
                "backgroundColor": "#00000077",
                "flex": 1,
              },
              undefined,
            ],
            Object {
              "paddingBottom": 0,
            },
          ]
        }
      >
        <View
          accessible={true}
          focusable={true}
          onClick={[Function]}
          onResponderGrant={[Function]}
          onResponderMove={[Function]}
          onResponderRelease={[Function]}
          onResponderTerminate={[Function]}
          onResponderTerminationRequest={[Function]}
          onStartShouldSetResponder={[Function]}
          style={
            Object {
              "backgroundColor": "transparent",
              "flex": 1,
              "opacity": 1,
            }
          }
        />
        <View
          onMoveShouldSetResponder={[Function]}
          onMoveShouldSetResponderCapture={[Function]}
          onResponderEnd={[Function]}
          onResponderGrant={[Function]}
          onResponderMove={[Function]}
          onResponderReject={[Function]}
          onResponderRelease={[Function]}
          onResponderStart={[Function]}
          onResponderTerminate={[Function]}
          onResponderTerminationRequest={[Function]}
          onStartShouldSetResponder={[Function]}
          onStartShouldSetResponderCapture={[Function]}
          style={
            Object {
              "backgroundColor": "#fff",
              "height": 0,
              "overflow": "hidden",
              "transform": Array [
                Object {
                  "translateX": 0,
                },
                Object {
                  "translateY": 0,
                },
              ],
              "width": "100%",
            }
          }
        >
          <Text>
            Input password to continue
          </Text>
          <TextInput
            allowFontScaling={true}
            onChangeText={[Function]}
            rejectResponderTermination={true}
            secureTextEntry={true}
            style={
              Object {
                "backgroundColor": "#1E3343",
                "margin": 16,
                "padding": 16,
              }
            }
            underlineColorAndroid="transparent"
            value=""
          />
          <View
            accessibilityRole="button"
            accessibilityState={Object {}}
            accessible={true}
            focusable={true}
            onClick={[Function]}
            onResponderGrant={[Function]}
            onResponderMove={[Function]}
            onResponderRelease={[Function]}
            onResponderTerminate={[Function]}
            onResponderTerminationRequest={[Function]}
            onStartShouldSetResponder={[Function]}
            style={
              Object {
                "opacity": 1,
              }
            }
          >
            <View
              style={
                Array [
                  Object {},
                ]
              }
            >
              <Text
                style={
                  Array [
                    Object {
                      "color": "#007AFF",
                      "fontSize": 18,
                      "margin": 8,
                      "textAlign": "center",
                    },
                  ]
                }
              >
                Show Password
              </Text>
            </View>
          </View>
          <View
            accessibilityRole="button"
            accessibilityState={Object {}}
            accessible={true}
            focusable={true}
            onClick={[Function]}
            onResponderGrant={[Function]}
            onResponderMove={[Function]}
            onResponderRelease={[Function]}
            onResponderTerminate={[Function]}
            onResponderTerminationRequest={[Function]}
            onStartShouldSetResponder={[Function]}
            style={
              Object {
                "opacity": 1,
              }
            }
          >
            <View
              style={
                Array [
                  Object {},
                ]
              }
            >
              <Text
                style={
                  Array [
                    Object {
                      "color": "#007AFF",
                      "fontSize": 18,
                      "margin": 8,
                      "textAlign": "center",
                    },
                  ]
                }
              >
                Login
              </Text>
            </View>
          </View>
        </View>
      </View>
    </Modal>
    <Modal
      animationType="none"
      hardwareAccelerated={false}
      onRequestClose={[Function]}
      supportedOrientations={
        Array [
          "portrait",
          "portrait-upside-down",
          "landscape",
          "landscape-left",
          "landscape-right",
        ]
      }
      transparent={true}
      visible={false}
    >
      <View
        onLayout={[Function]}
        style={
          Array [
            Array [
              Object {
                "backgroundColor": "#00000077",
                "flex": 1,
              },
              undefined,
            ],
            Object {
              "paddingBottom": 0,
            },
          ]
        }
      >
        <View
          accessible={true}
          focusable={true}
          onClick={[Function]}
          onResponderGrant={[Function]}
          onResponderMove={[Function]}
          onResponderRelease={[Function]}
          onResponderTerminate={[Function]}
          onResponderTerminationRequest={[Function]}
          onStartShouldSetResponder={[Function]}
          style={
            Object {
              "backgroundColor": "transparent",
              "flex": 1,
              "opacity": 1,
            }
          }
        />
        <View
          onMoveShouldSetResponder={[Function]}
          onMoveShouldSetResponderCapture={[Function]}
          onResponderEnd={[Function]}
          onResponderGrant={[Function]}
          onResponderMove={[Function]}
          onResponderReject={[Function]}
          onResponderRelease={[Function]}
          onResponderStart={[Function]}
          onResponderTerminate={[Function]}
          onResponderTerminationRequest={[Function]}
          onStartShouldSetResponder={[Function]}
          onStartShouldSetResponderCapture={[Function]}
          style={
            Object {
              "backgroundColor": "#fff",
              "height": 0,
              "overflow": "hidden",
              "transform": Array [
                Object {
                  "translateX": 0,
                },
                Object {
                  "translateY": 0,
                },
              ],
              "width": "100%",
            }
          }
        >
          <Text>
            Choose an account you wish to login
          </Text>
          <TextInput
            allowFontScaling={true}
            onChangeText={[Function]}
            placeholder="Custom ID"
            rejectResponderTermination={true}
            style={
              Object {
                "borderColor": "black",
                "borderRadius": 8,
                "borderWidth": 1,
                "marginHorizontal": 16,
                "marginTop": 8,
                "padding": 8,
                "textTransform": "lowercase",
              }
            }
            underlineColorAndroid="transparent"
            value=""
          />
          <View
            accessibilityRole="button"
            accessibilityState={Object {}}
            accessible={true}
            focusable={true}
            onClick={[Function]}
            onResponderGrant={[Function]}
            onResponderMove={[Function]}
            onResponderRelease={[Function]}
            onResponderTerminate={[Function]}
            onResponderTerminationRequest={[Function]}
            onStartShouldSetResponder={[Function]}
            style={
              Object {
                "opacity": 1,
              }
            }
          >
            <View
              style={
                Array [
                  Object {},
                ]
              }
            >
              <Text
                style={
                  Array [
                    Object {
                      "color": "#007AFF",
                      "fontSize": 18,
                      "margin": 8,
                      "textAlign": "center",
                    },
                  ]
                }
              >
                Login with custom id
              </Text>
            </View>
          </View>
          <View
            testID="dev-dummy-login-fajarismv2"
          >
            <View
              accessible={true}
              focusable={true}
              onClick={[Function]}
              onResponderGrant={[Function]}
              onResponderMove={[Function]}
              onResponderRelease={[Function]}
              onResponderTerminate={[Function]}
              onResponderTerminationRequest={[Function]}
              onStartShouldSetResponder={[Function]}
              style={
                Object {
                  "opacity": 1,
                }
              }
            >
              <View
                style={
                  Object {
                    "backgroundColor": "#7E8FA0",
                    "height": 2,
                    "width": "100%",
                  }
                }
              />
              <Text
                style={
                  Object {
                    "paddingHorizontal": 16,
                    "paddingVertical": 8,
                  }
                }
              >
                fajarismv2
              </Text>
            </View>
          </View>
          <View
            testID="dev-dummy-login-halofajarism"
          >
            <View
              accessible={true}
              focusable={true}
              onClick={[Function]}
              onResponderGrant={[Function]}
              onResponderMove={[Function]}
              onResponderRelease={[Function]}
              onResponderTerminate={[Function]}
              onResponderTerminationRequest={[Function]}
              onStartShouldSetResponder={[Function]}
              style={
                Object {
                  "opacity": 1,
                }
              }
            >
              <View
                style={
                  Object {
                    "backgroundColor": "#7E8FA0",
                    "height": 2,
                    "width": "100%",
                  }
                }
              />
              <Text
                style={
                  Object {
                    "paddingHorizontal": 16,
                    "paddingVertical": 8,
                  }
                }
              >
                halofajarism
              </Text>
            </View>
          </View>
          <View
            testID="dev-dummy-login-agita"
          >
            <View
              accessible={true}
              focusable={true}
              onClick={[Function]}
              onResponderGrant={[Function]}
              onResponderMove={[Function]}
              onResponderRelease={[Function]}
              onResponderTerminate={[Function]}
              onResponderTerminationRequest={[Function]}
              onStartShouldSetResponder={[Function]}
              style={
                Object {
                  "opacity": 1,
                }
              }
            >
              <View
                style={
                  Object {
                    "backgroundColor": "#7E8FA0",
                    "height": 2,
                    "width": "100%",
                  }
                }
              />
              <Text
                style={
                  Object {
                    "paddingHorizontal": 16,
                    "paddingVertical": 8,
                  }
                }
              >
                agita
              </Text>
            </View>
          </View>
          <View
            testID="dev-dummy-login-usup"
          >
            <View
              accessible={true}
              focusable={true}
              onClick={[Function]}
              onResponderGrant={[Function]}
              onResponderMove={[Function]}
              onResponderRelease={[Function]}
              onResponderTerminate={[Function]}
              onResponderTerminationRequest={[Function]}
              onStartShouldSetResponder={[Function]}
              style={
                Object {
                  "opacity": 1,
                }
              }
            >
              <View
                style={
                  Object {
                    "backgroundColor": "#7E8FA0",
                    "height": 2,
                    "width": "100%",
                  }
                }
              />
              <Text
                style={
                  Object {
                    "paddingHorizontal": 16,
                    "paddingVertical": 8,
                  }
                }
              >
                usup
              </Text>
            </View>
          </View>
          <View
            testID="dev-dummy-login-new_test_account1"
          >
            <View
              accessible={true}
              focusable={true}
              onClick={[Function]}
              onResponderGrant={[Function]}
              onResponderMove={[Function]}
              onResponderRelease={[Function]}
              onResponderTerminate={[Function]}
              onResponderTerminationRequest={[Function]}
              onStartShouldSetResponder={[Function]}
              style={
                Object {
                  "opacity": 1,
                }
              }
            >
              <View
                style={
                  Object {
                    "backgroundColor": "#7E8FA0",
                    "height": 2,
                    "width": "100%",
                  }
                }
              />
              <Text
                style={
                  Object {
                    "paddingHorizontal": 16,
                    "paddingVertical": 8,
                  }
                }
              >
                new_test_account1
              </Text>
            </View>
          </View>
          <View
            testID="dev-dummy-login-new_test_account2"
          >
            <View
              accessible={true}
              focusable={true}
              onClick={[Function]}
              onResponderGrant={[Function]}
              onResponderMove={[Function]}
              onResponderRelease={[Function]}
              onResponderTerminate={[Function]}
              onResponderTerminationRequest={[Function]}
              onStartShouldSetResponder={[Function]}
              style={
                Object {
                  "opacity": 1,
                }
              }
            >
              <View
                style={
                  Object {
                    "backgroundColor": "#7E8FA0",
                    "height": 2,
                    "width": "100%",
                  }
                }
              />
              <Text
                style={
                  Object {
                    "paddingHorizontal": 16,
                    "paddingVertical": 8,
                  }
                }
              >
                new_test_account2
              </Text>
            </View>
          </View>
          <View
            testID="dev-dummy-login-new_test_account3"
          >
            <View
              accessible={true}
              focusable={true}
              onClick={[Function]}
              onResponderGrant={[Function]}
              onResponderMove={[Function]}
              onResponderRelease={[Function]}
              onResponderTerminate={[Function]}
              onResponderTerminationRequest={[Function]}
              onStartShouldSetResponder={[Function]}
              style={
                Object {
                  "opacity": 1,
                }
              }
            >
              <View
                style={
                  Object {
                    "backgroundColor": "#7E8FA0",
                    "height": 2,
                    "width": "100%",
                  }
                }
              />
              <Text
                style={
                  Object {
                    "paddingHorizontal": 16,
                    "paddingVertical": 8,
                  }
                }
              >
                new_test_account3
              </Text>
            </View>
          </View>
          <View
            testID="dev-dummy-login-bastian"
          >
            <View
              accessible={true}
              focusable={true}
              onClick={[Function]}
              onResponderGrant={[Function]}
              onResponderMove={[Function]}
              onResponderRelease={[Function]}
              onResponderTerminate={[Function]}
              onResponderTerminationRequest={[Function]}
              onStartShouldSetResponder={[Function]}
              style={
                Object {
                  "opacity": 1,
                }
              }
            >
              <View
                style={
                  Object {
                    "backgroundColor": "#7E8FA0",
                    "height": 2,
                    "width": "100%",
                  }
                }
              />
              <Text
                style={
                  Object {
                    "paddingHorizontal": 16,
                    "paddingVertical": 8,
                  }
                }
              >
                bastian
              </Text>
            </View>
          </View>
          <View
            testID="dev-dummy-login-new_account_1"
          >
            <View
              accessible={true}
              focusable={true}
              onClick={[Function]}
              onResponderGrant={[Function]}
              onResponderMove={[Function]}
              onResponderRelease={[Function]}
              onResponderTerminate={[Function]}
              onResponderTerminationRequest={[Function]}
              onStartShouldSetResponder={[Function]}
              style={
                Object {
                  "opacity": 1,
                }
              }
            >
              <View
                style={
                  Object {
                    "backgroundColor": "#7E8FA0",
                    "height": 2,
                    "width": "100%",
                  }
                }
              />
              <Text
                style={
                  Object {
                    "paddingHorizontal": 16,
                    "paddingVertical": 8,
                  }
                }
              >
                new_account_1
              </Text>
            </View>
          </View>
          <View
            testID="dev-dummy-login-new_account_2"
          >
            <View
              accessible={true}
              focusable={true}
              onClick={[Function]}
              onResponderGrant={[Function]}
              onResponderMove={[Function]}
              onResponderRelease={[Function]}
              onResponderTerminate={[Function]}
              onResponderTerminationRequest={[Function]}
              onStartShouldSetResponder={[Function]}
              style={
                Object {
                  "opacity": 1,
                }
              }
            >
              <View
                style={
                  Object {
                    "backgroundColor": "#7E8FA0",
                    "height": 2,
                    "width": "100%",
                  }
                }
              />
              <Text
                style={
                  Object {
                    "paddingHorizontal": 16,
                    "paddingVertical": 8,
                  }
                }
              >
                new_account_2
              </Text>
            </View>
          </View>
          <View
            testID="dev-dummy-login-new_account_3"
          >
            <View
              accessible={true}
              focusable={true}
              onClick={[Function]}
              onResponderGrant={[Function]}
              onResponderMove={[Function]}
              onResponderRelease={[Function]}
              onResponderTerminate={[Function]}
              onResponderTerminationRequest={[Function]}
              onStartShouldSetResponder={[Function]}
              style={
                Object {
                  "opacity": 1,
                }
              }
            >
              <View
                style={
                  Object {
                    "backgroundColor": "#7E8FA0",
                    "height": 2,
                    "width": "100%",
                  }
                }
              />
              <Text
                style={
                  Object {
                    "paddingHorizontal": 16,
                    "paddingVertical": 8,
                  }
                }
              >
                new_account_3
              </Text>
            </View>
          </View>
          <View
            testID="dev-dummy-login-BetterSocial_Team"
          >
            <View
              accessible={true}
              focusable={true}
              onClick={[Function]}
              onResponderGrant={[Function]}
              onResponderMove={[Function]}
              onResponderRelease={[Function]}
              onResponderTerminate={[Function]}
              onResponderTerminationRequest={[Function]}
              onStartShouldSetResponder={[Function]}
              style={
                Object {
                  "opacity": 1,
                }
              }
            >
              <View
                style={
                  Object {
                    "backgroundColor": "#7E8FA0",
                    "height": 2,
                    "width": "100%",
                  }
                }
              />
              <Text
                style={
                  Object {
                    "paddingHorizontal": 16,
                    "paddingVertical": 8,
                  }
                }
              >
                BetterSocial_Team
              </Text>
            </View>
          </View>
          <View
            testID="dev-dummy-login-smith.confessions"
          >
            <View
              accessible={true}
              focusable={true}
              onClick={[Function]}
              onResponderGrant={[Function]}
              onResponderMove={[Function]}
              onResponderRelease={[Function]}
              onResponderTerminate={[Function]}
              onResponderTerminationRequest={[Function]}
              onStartShouldSetResponder={[Function]}
              style={
                Object {
                  "opacity": 1,
                }
              }
            >
              <View
                style={
                  Object {
                    "backgroundColor": "#7E8FA0",
                    "height": 2,
                    "width": "100%",
                  }
                }
              />
              <Text
                style={
                  Object {
                    "paddingHorizontal": 16,
                    "paddingVertical": 8,
                  }
                }
              >
                smith.confessions
              </Text>
            </View>
          </View>
          <View
            testID="dev-dummy-login-swat_confessions"
          >
            <View
              accessible={true}
              focusable={true}
              onClick={[Function]}
              onResponderGrant={[Function]}
              onResponderMove={[Function]}
              onResponderRelease={[Function]}
              onResponderTerminate={[Function]}
              onResponderTerminationRequest={[Function]}
              onStartShouldSetResponder={[Function]}
              style={
                Object {
                  "opacity": 1,
                }
              }
            >
              <View
                style={
                  Object {
                    "backgroundColor": "#7E8FA0",
                    "height": 2,
                    "width": "100%",
                  }
                }
              />
              <Text
                style={
                  Object {
                    "paddingHorizontal": 16,
                    "paddingVertical": 8,
                  }
                }
              >
                swat_confessions
              </Text>
            </View>
          </View>
          <View
            testID="dev-dummy-login-Carl_confessions"
          >
            <View
              accessible={true}
              focusable={true}
              onClick={[Function]}
              onResponderGrant={[Function]}
              onResponderMove={[Function]}
              onResponderRelease={[Function]}
              onResponderTerminate={[Function]}
              onResponderTerminationRequest={[Function]}
              onStartShouldSetResponder={[Function]}
              style={
                Object {
                  "opacity": 1,
                }
              }
            >
              <View
                style={
                  Object {
                    "backgroundColor": "#7E8FA0",
                    "height": 2,
                    "width": "100%",
                  }
                }
              />
              <Text
                style={
                  Object {
                    "paddingHorizontal": 16,
                    "paddingVertical": 8,
                  }
                }
              >
                Carl_confessions
              </Text>
            </View>
          </View>
          <View
            testID="dev-dummy-login-Mac_confessions"
          >
            <View
              accessible={true}
              focusable={true}
              onClick={[Function]}
              onResponderGrant={[Function]}
              onResponderMove={[Function]}
              onResponderRelease={[Function]}
              onResponderTerminate={[Function]}
              onResponderTerminationRequest={[Function]}
              onStartShouldSetResponder={[Function]}
              style={
                Object {
                  "opacity": 1,
                }
              }
            >
              <View
                style={
                  Object {
                    "backgroundColor": "#7E8FA0",
                    "height": 2,
                    "width": "100%",
                  }
                }
              />
              <Text
                style={
                  Object {
                    "paddingHorizontal": 16,
                    "paddingVertical": 8,
                  }
                }
              >
                Mac_confessions
              </Text>
            </View>
          </View>
          <View
            testID="dev-dummy-login-fandm_confessions"
          >
            <View
              accessible={true}
              focusable={true}
              onClick={[Function]}
              onResponderGrant={[Function]}
              onResponderMove={[Function]}
              onResponderRelease={[Function]}
              onResponderTerminate={[Function]}
              onResponderTerminationRequest={[Function]}
              onStartShouldSetResponder={[Function]}
              style={
                Object {
                  "opacity": 1,
                }
              }
            >
              <View
                style={
                  Object {
                    "backgroundColor": "#7E8FA0",
                    "height": 2,
                    "width": "100%",
                  }
                }
              />
              <Text
                style={
                  Object {
                    "paddingHorizontal": 16,
                    "paddingVertical": 8,
                  }
                }
              >
                fandm_confessions
              </Text>
            </View>
          </View>
          <View
            testID="dev-dummy-login-BornIn1999"
          >
            <View
              accessible={true}
              focusable={true}
              onClick={[Function]}
              onResponderGrant={[Function]}
              onResponderMove={[Function]}
              onResponderRelease={[Function]}
              onResponderTerminate={[Function]}
              onResponderTerminationRequest={[Function]}
              onStartShouldSetResponder={[Function]}
              style={
                Object {
                  "opacity": 1,
                }
              }
            >
              <View
                style={
                  Object {
                    "backgroundColor": "#7E8FA0",
                    "height": 2,
                    "width": "100%",
                  }
                }
              />
              <Text
                style={
                  Object {
                    "paddingHorizontal": 16,
                    "paddingVertical": 8,
                  }
                }
              >
                BornIn1999
              </Text>
            </View>
          </View>
          <View
            testID="dev-dummy-login-CollegeConfessions"
          >
            <View
              accessible={true}
              focusable={true}
              onClick={[Function]}
              onResponderGrant={[Function]}
              onResponderMove={[Function]}
              onResponderRelease={[Function]}
              onResponderTerminate={[Function]}
              onResponderTerminationRequest={[Function]}
              onStartShouldSetResponder={[Function]}
              style={
                Object {
                  "opacity": 1,
                }
              }
            >
              <View
                style={
                  Object {
                    "backgroundColor": "#7E8FA0",
                    "height": 2,
                    "width": "100%",
                  }
                }
              />
              <Text
                style={
                  Object {
                    "paddingHorizontal": 16,
                    "paddingVertical": 8,
                  }
                }
              >
                CollegeConfessions
              </Text>
            </View>
          </View>
          <View
            testID="dev-dummy-login-Harvard_gossip"
          >
            <View
              accessible={true}
              focusable={true}
              onClick={[Function]}
              onResponderGrant={[Function]}
              onResponderMove={[Function]}
              onResponderRelease={[Function]}
              onResponderTerminate={[Function]}
              onResponderTerminationRequest={[Function]}
              onStartShouldSetResponder={[Function]}
              style={
                Object {
                  "opacity": 1,
                }
              }
            >
              <View
                style={
                  Object {
                    "backgroundColor": "#7E8FA0",
                    "height": 2,
                    "width": "100%",
                  }
                }
              />
              <Text
                style={
                  Object {
                    "paddingHorizontal": 16,
                    "paddingVertical": 8,
                  }
                }
              >
                Harvard_gossip
              </Text>
            </View>
          </View>
          <View
            testID="dev-dummy-login-trinity_confessions"
          >
            <View
              accessible={true}
              focusable={true}
              onClick={[Function]}
              onResponderGrant={[Function]}
              onResponderMove={[Function]}
              onResponderRelease={[Function]}
              onResponderTerminate={[Function]}
              onResponderTerminationRequest={[Function]}
              onStartShouldSetResponder={[Function]}
              style={
                Object {
                  "opacity": 1,
                }
              }
            >
              <View
                style={
                  Object {
                    "backgroundColor": "#7E8FA0",
                    "height": 2,
                    "width": "100%",
                  }
                }
              />
              <Text
                style={
                  Object {
                    "paddingHorizontal": 16,
                    "paddingVertical": 8,
                  }
                }
              >
                trinity_confessions
              </Text>
            </View>
          </View>
          <View
            testID="dev-dummy-login-CatLadyForever"
          >
            <View
              accessible={true}
              focusable={true}
              onClick={[Function]}
              onResponderGrant={[Function]}
              onResponderMove={[Function]}
              onResponderRelease={[Function]}
              onResponderTerminate={[Function]}
              onResponderTerminationRequest={[Function]}
              onStartShouldSetResponder={[Function]}
              style={
                Object {
                  "opacity": 1,
                }
              }
            >
              <View
                style={
                  Object {
                    "backgroundColor": "#7E8FA0",
                    "height": 2,
                    "width": "100%",
                  }
                }
              />
              <Text
                style={
                  Object {
                    "paddingHorizontal": 16,
                    "paddingVertical": 8,
                  }
                }
              >
                CatLadyForever
              </Text>
            </View>
          </View>
          <View
            testID="dev-dummy-login-Liz2"
          >
            <View
              accessible={true}
              focusable={true}
              onClick={[Function]}
              onResponderGrant={[Function]}
              onResponderMove={[Function]}
              onResponderRelease={[Function]}
              onResponderTerminate={[Function]}
              onResponderTerminationRequest={[Function]}
              onStartShouldSetResponder={[Function]}
              style={
                Object {
                  "opacity": 1,
                }
              }
            >
              <View
                style={
                  Object {
                    "backgroundColor": "#7E8FA0",
                    "height": 2,
                    "width": "100%",
                  }
                }
              />
              <Text
                style={
                  Object {
                    "paddingHorizontal": 16,
                    "paddingVertical": 8,
                  }
                }
              >
                Liz2
              </Text>
            </View>
          </View>
          <View
            testID="dev-dummy-login-Simplythebest2"
          >
            <View
              accessible={true}
              focusable={true}
              onClick={[Function]}
              onResponderGrant={[Function]}
              onResponderMove={[Function]}
              onResponderRelease={[Function]}
              onResponderTerminate={[Function]}
              onResponderTerminationRequest={[Function]}
              onStartShouldSetResponder={[Function]}
              style={
                Object {
                  "opacity": 1,
                }
              }
            >
              <View
                style={
                  Object {
                    "backgroundColor": "#7E8FA0",
                    "height": 2,
                    "width": "100%",
                  }
                }
              />
              <Text
                style={
                  Object {
                    "paddingHorizontal": 16,
                    "paddingVertical": 8,
                  }
                }
              >
                Simplythebest2
              </Text>
            </View>
          </View>
          <View
            testID="dev-dummy-login-AlwaysinCrimson"
          >
            <View
              accessible={true}
              focusable={true}
              onClick={[Function]}
              onResponderGrant={[Function]}
              onResponderMove={[Function]}
              onResponderRelease={[Function]}
              onResponderTerminate={[Function]}
              onResponderTerminationRequest={[Function]}
              onStartShouldSetResponder={[Function]}
              style={
                Object {
                  "opacity": 1,
                }
              }
            >
              <View
                style={
                  Object {
                    "backgroundColor": "#7E8FA0",
                    "height": 2,
                    "width": "100%",
                  }
                }
              />
              <Text
                style={
                  Object {
                    "paddingHorizontal": 16,
                    "paddingVertical": 8,
                  }
                }
              >
                AlwaysinCrimson
              </Text>
            </View>
          </View>
        </View>
      </View>
    </Modal>
  </View>,
  ";",
]
`;
