// Jest Snapshot v1, https://goo.gl/fbAQLP

exports[`TESTING AnonymousChatHeader RENDER should match snapshot 1`] = `
<View
  style={
    Object {
      "alignItems": "center",
      "backgroundColor": "#0391FB",
      "display": "flex",
      "flexDirection": "row",
      "height": 50,
    }
  }
>
  <View
    accessible={true}
    collapsable={false}
    focusable={true}
    style={
      Object {
        "height": 50,
        "justifyContent": "center",
        "paddingLeft": 22,
        "paddingRight": 20,
      }
    }
    testID="pressable-back"
  >
    <View />
  </View>
  <View
    accessible={true}
    collapsable={false}
    focusable={true}
    style={
      Object {
        "alignItems": "center",
        "display": "flex",
        "flex": 1,
        "flexDirection": "row",
      }
    }
    testID="pressable-avatar"
  >
    <View
      style={
        Array [
          Object {
            "overflow": "hidden",
          },
          Object {
            "borderRadius": 20,
            "height": 40,
            "width": 40,
          },
        ]
      }
    >
      <FastImageView
        defaultSource={null}
        resizeMode="cover"
        source={
          Object {
            "uri": "https://res.cloudinary.com/hpjivutj2/image/upload/v1680929851/default-profile-picture_vrmmdn.png",
          }
        }
        testID="avatar"
      />
    </View>
    <Text
      ellipsizeMode="tail"
      numberOfLines={1}
      style={
        Object {
          "color": "#16202A",
          "flex": 1,
          "fontFamily": "Inter-SemiBold",
          "fontSize": 14,
          "lineHeight": 17,
          "marginLeft": 10,
        }
      }
      testID="username"
    >
      Username
    </Text>
  </View>
  <View
    accessible={true}
    collapsable={false}
    focusable={true}
    style={
      Object {
        "height": 50,
        "justifyContent": "center",
        "paddingLeft": 22,
        "paddingRight": 22,
      }
    }
    testID="pressable-option"
  >
    <Icon
      color="#16202A"
      name="dots-three-vertical"
      size={20}
    />
  </View>
  <View
    style={
      Array [
        Object {
          "overflow": "hidden",
        },
        undefined,
      ]
    }
  >
    <FastImageView
      defaultSource={null}
      resizeMode="cover"
      source={null}
    />
  </View>
</View>
`;
