// Jest Snapshot v1, https://goo.gl/fbAQLP

exports[`Testing Topic Text Match snapshot 1`] = `
<Text
  onPress={[Function]}
  style={
    Array [
      Object {
        "color": "#FFFFFF",
        "fontFamily": "Inter-Medium",
      },
      Object {
        "color": "#2F80ED",
      },
    ]
  }
  testID="topicTextComponent"
>
  #topicPoll
</Text>
`;
