// Jest Snapshot v1, https://goo.gl/fbAQLP

exports[`Testing Topic Text Match snapshot 1`] = `
<Text
  onPress={[Function]}
  style={
    Array [
      Object {
        "color": "#2C67BC",
        "fontFamily": "Inter-Medium",
      },
      Object {
        "color": "#2C67BC",
      },
    ]
  }
  testID="topicTextComponent"
>
  #topicPoll
</Text>
`;
