// Jest Snapshot v1, https://goo.gl/fbAQLP

exports[`GroupInfo should run correctly GroupInfo should match snapshot 1`] = `
<RCTSafeAreaView
  emulateUnlessSupported={true}
  style={
    Object {
      "backgroundColor": "#fff",
      "flex": 1,
      "paddingBottom": 40,
    }
  }
>
  <View
    style={
      Object {
        "alignItems": "center",
        "backgroundColor": "white",
        "flexDirection": "row",
        "justifyContent": "space-between",
      }
    }
  >
    <View
      style={
        Object {
          "width": "100%",
        }
      }
    >
      <View
        style={
          Object {
            "alignItems": "center",
            "flexDirection": "row",
            "height": 48,
            "justifyContent": "center",
            "padding": 10,
          }
        }
      >
        <View
          accessible={true}
          focusable={true}
          onClick={[Function]}
          onResponderGrant={[Function]}
          onResponderMove={[Function]}
          onResponderRelease={[Function]}
          onResponderTerminate={[Function]}
          onResponderTerminationRequest={[Function]}
          onStartShouldSetResponder={[Function]}
          style={
            Object {
              "opacity": 1,
              "paddingLeft": 10,
              "paddingRight": 15,
              "paddingVertical": 12,
            }
          }
          testID="backButton"
        >
          <SvgMock />
        </View>
        <View
          style={
            Object {
              "flex": 1,
            }
          }
        >
          <Text
            numberOfLines={1}
            style={
              Object {
                "color": "#000000",
                "fontFamily": "Poppins-SemiBold",
                "fontSize": 16,
                "fontWeight": "600",
                "marginRight": 15,
                "textAlign": "center",
              }
            }
          />
        </View>
      </View>
    </View>
    <View
      style={
        Object {
          "height": 12,
          "width": 20,
        }
      }
    />
  </View>
  <View
    style={
      Object {
        "backgroundColor": "#E8EBED",
        "height": 1,
      }
    }
  />
  <RCTScrollView
    nestedScrollEnabled={true}
  >
    <View>
      <RCTSafeAreaView
        emulateUnlessSupported={true}
      >
        <View
          accessible={true}
          focusable={true}
          onClick={[Function]}
          onResponderGrant={[Function]}
          onResponderMove={[Function]}
          onResponderRelease={[Function]}
          onResponderTerminate={[Function]}
          onResponderTerminationRequest={[Function]}
          onStartShouldSetResponder={[Function]}
          style={
            Object {
              "opacity": 1,
            }
          }
          testID="imageClick"
        >
          <View
            style={
              Object {
                "alignItems": "center",
                "justifyContent": "center",
                "paddingBottom": 13,
                "paddingTop": 8,
              }
            }
          >
            <Image
              source={
                Object {
                  "uri": "data:image/jpg;base64,https://image.jpg",
                }
              }
              style={
                Object {
                  "alignItems": "center",
                  "backgroundColor": "#E8EBED",
                  "borderRadius": 45,
                  "height": 90,
                  "justifyContent": "center",
                  "width": 90,
                }
              }
              testID="image3"
            />
          </View>
        </View>
        <View
          style={
            Object {
              "display": "flex",
              "flexDirection": "row",
            }
          }
        >
          <View
            style={
              Object {
                "display": "flex",
                "flex": 1,
                "flexDirection": "column",
              }
            }
          >
            <View
              style={
                Object {
                  "alignItems": "center",
                  "flexDirection": "row",
                  "justifyContent": "space-between",
                  "paddingLeft": 20,
                }
              }
            >
              <Text
                style={
                  Object {
                    "color": "#000",
                    "fontFamily": "Inter-Medium",
                    "fontSize": 21.6,
                    "lineHeight": 26.145000000000003,
                  }
                }
              />
            </View>
            <Text
              style={
                Object {
                  "color": "#000",
                  "fontFamily": "Inter-Regular",
                  "fontSize": 12.600000000000001,
                  "lineHeight": 15.246000000000002,
                  "marginBottom": 9,
                  "marginLeft": 20,
                  "marginTop": 4,
                }
              }
            >
              Created 
              01/24/23
            </Text>
          </View>
          <View
            accessible={true}
            focusable={true}
            onClick={[Function]}
            onResponderGrant={[Function]}
            onResponderMove={[Function]}
            onResponderRelease={[Function]}
            onResponderTerminate={[Function]}
            onResponderTerminationRequest={[Function]}
            onStartShouldSetResponder={[Function]}
            style={
              Object {
                "alignContent": "center",
                "alignItems": "center",
                "height": 28,
                "marginRight": 28,
                "opacity": 1,
                "padding": 4,
              }
            }
          >
            <View />
          </View>
        </View>
        <View
          style={
            Object {
              "backgroundColor": "#E8EBED",
              "height": 1,
            }
          }
        />
        <View
          style={
            Object {
              "paddingBottom": 8,
              "paddingHorizontal": 20,
              "paddingTop": 12,
            }
          }
        >
          <Text
            accessible={true}
            focusable={true}
            onClick={[Function]}
            onResponderGrant={[Function]}
            onResponderMove={[Function]}
            onResponderRelease={[Function]}
            onResponderTerminate={[Function]}
            onResponderTerminationRequest={[Function]}
            onStartShouldSetResponder={[Function]}
            style={
              Object {
                "color": "#00ADB5",
                "fontFamily": "Inter-SemiBold",
                "fontSize": 12.600000000000001,
                "lineHeight": 15.246000000000002,
              }
            }
            testID="groupMedia"
          >
            Media & Links &gt;
          </Text>
          <RCTScrollView
            data={
              Array [
                Object {
                  "message": Object {
                    "attachments": Array [
                      Object {
                        "image_url": "https://us-east.stream-io-cdn.com/114344/images/4d589ea4-8717-4c2a-bd9a-68a343a1a688.image-534fc5f4-33de-46f3-8f59-ec43e1853ad5790.jpg?Key-Pair-Id=APKAIHG36VEWPDULE23Q&Policy=eyJTdGF0ZW1lbnQiOlt7IlJlc291cmNlIjoiaHR0cHM6Ly91cy1lYXN0LnN0cmVhbS1pby1jZG4uY29tLzExNDM0NC9pbWFnZXMvNGQ1ODllYTQtODcxNy00YzJhLWJkOWEtNjhhMzQzYTFhNjg4LmltYWdlLTUzNGZjNWY0LTMzZGUtNDZmMy04ZjU5LWVjNDNlMTg1M2FkNTc5MC5qcGc~Km9oPTEyODAqb3c9OTYwKiIsIkNvbmRpdGlvbiI6eyJEYXRlTGVzc1RoYW4iOnsiQVdTOkVwb2NoVGltZSI6MTY3NTczMTU1Mn19fV19&Signature=Q6pitq~Opzb-~~lPSshSSFvkol2hni~Zm70Hpfw3xFMjSOoCnqu7CLLlDk8H7NI9Qq1CK8HqDKTDxfRbPTiSkHYBGTPwwC-BFMGxafxUbNngjsAvaEB9822NhthJrlnp-1RSwU~Lc7WPJ-uiuOstBt8gE1g5NVQULSSBenICq75bCX5WE363aOHUCnrrFHMX6kewJ4-suGwbKv~J7Uo2YSCG7sUEY4foMKBOP3TuajYkqlY6UNhmunCvlNQHXJMdccTUbH7v7HuOjYbmTKFzxCYWPX9BM3-eYSH07oV7T5oCU7k9ZNBjc8wf0f5lEd2Qdp58TL0OOyC6eBVvz7oO8g__&oh=1280&ow=960",
                        "original_height": 1280,
                        "original_width": 960,
                        "type": "image",
                      },
                    ],
                    "channel": Object {
                      "cid": "messaging:c47d45f2-0dd9-4eaa-1600-4ff6e518199a",
                      "created_at": "2022-09-30T22:49:45.59342Z",
                      "disabled": false,
                      "frozen": false,
                      "id": "c47d45f2-0dd9-4eaa-1600-4ff6e518199a",
                      "last_message_at": "2023-01-24T01:00:59.432027Z",
                      "member_count": 4,
                      "name": "Test group baru",
                      "type": "messaging",
                      "updated_at": "2023-01-24T01:41:46.237211Z",
                    },
                    "cid": "messaging:c47d45f2-0dd9-4eaa-1600-4ff6e518199a",
                    "created_at": "2023-01-24T00:59:12.801526Z",
                    "html": "",
                    "id": "c6c91b04-795c-404e-b012-ea28813a2006-531b41e6-263b-4d6c-1c0e-e62f13357aef",
                    "latest_reactions": Array [],
                    "mentioned_users": Array [],
                  },
                },
              ]
            }
            disableVirtualization={false}
            getItem={[Function]}
            getItemCount={[Function]}
            horizontal={true}
            initialNumToRender={10}
            keyExtractor={[Function]}
            maxToRenderPerBatch={10}
            onContentSizeChange={[Function]}
            onEndReachedThreshold={2}
            onLayout={[Function]}
            onMomentumScrollEnd={[Function]}
            onScroll={[Function]}
            onScrollBeginDrag={[Function]}
            onScrollEndDrag={[Function]}
            removeClippedSubviews={false}
            renderItem={[Function]}
            scrollEventThrottle={50}
            showsHorizontalScrollIndicator={false}
            stickyHeaderIndices={Array []}
            style={
              Object {
                "marginTop": 12,
              }
            }
            testID="asset"
            updateCellsBatchingPeriod={50}
            viewabilityConfigCallbackPairs={Array []}
            windowSize={21}
          >
            <View>
              <View
                onLayout={[Function]}
                style={
                  Array [
                    Object {
                      "flexDirection": "row",
                    },
                    null,
                  ]
                }
              >
                <Image
                  height={80}
                  source={
                    Object {
                      "uri": "https://us-east.stream-io-cdn.com/114344/images/4d589ea4-8717-4c2a-bd9a-68a343a1a688.image-534fc5f4-33de-46f3-8f59-ec43e1853ad5790.jpg?Key-Pair-Id=APKAIHG36VEWPDULE23Q&Policy=eyJTdGF0ZW1lbnQiOlt7IlJlc291cmNlIjoiaHR0cHM6Ly91cy1lYXN0LnN0cmVhbS1pby1jZG4uY29tLzExNDM0NC9pbWFnZXMvNGQ1ODllYTQtODcxNy00YzJhLWJkOWEtNjhhMzQzYTFhNjg4LmltYWdlLTUzNGZjNWY0LTMzZGUtNDZmMy04ZjU5LWVjNDNlMTg1M2FkNTc5MC5qcGc~Km9oPTEyODAqb3c9OTYwKiIsIkNvbmRpdGlvbiI6eyJEYXRlTGVzc1RoYW4iOnsiQVdTOkVwb2NoVGltZSI6MTY3NTczMTU1Mn19fV19&Signature=Q6pitq~Opzb-~~lPSshSSFvkol2hni~Zm70Hpfw3xFMjSOoCnqu7CLLlDk8H7NI9Qq1CK8HqDKTDxfRbPTiSkHYBGTPwwC-BFMGxafxUbNngjsAvaEB9822NhthJrlnp-1RSwU~Lc7WPJ-uiuOstBt8gE1g5NVQULSSBenICq75bCX5WE363aOHUCnrrFHMX6kewJ4-suGwbKv~J7Uo2YSCG7sUEY4foMKBOP3TuajYkqlY6UNhmunCvlNQHXJMdccTUbH7v7HuOjYbmTKFzxCYWPX9BM3-eYSH07oV7T5oCU7k9ZNBjc8wf0f5lEd2Qdp58TL0OOyC6eBVvz7oO8g__&oh=1280&ow=960",
                    }
                  }
                  style={
                    Object {
                      "height": 80,
                      "marginLeft": 0,
                      "width": 80,
                    }
                  }
                  testID="renderItem"
                  width={80}
                />
              </View>
            </View>
          </RCTScrollView>
        </View>
        <View
          style={
            Object {
              "backgroundColor": "#E8EBED",
              "height": 1,
            }
          }
        />
        <View
          style={
            Object {
              "paddingTop": 12,
            }
          }
        >
          <Text
            style={
              Object {
                "color": "#00ADB5",
                "fontFamily": "Inter-SemiBold",
                "fontSize": 12.600000000000001,
                "lineHeight": 15.246000000000002,
                "marginBottom": 4,
                "marginLeft": 20,
              }
            }
          >
            Participants (
            0
            )
          </Text>
          <RCTScrollView
            data={Array []}
            disableVirtualization={false}
            getItem={[Function]}
            getItemCount={[Function]}
            horizontal={false}
            initialNumToRender={10}
            keyExtractor={[Function]}
            maxToRenderPerBatch={10}
            onContentSizeChange={[Function]}
            onEndReachedThreshold={2}
            onLayout={[Function]}
            onMomentumScrollEnd={[Function]}
            onScroll={[Function]}
            onScrollBeginDrag={[Function]}
            onScrollEndDrag={[Function]}
            removeClippedSubviews={false}
            renderItem={[Function]}
            scrollEventThrottle={50}
            stickyHeaderIndices={Array []}
            testID="participants"
            updateCellsBatchingPeriod={50}
            viewabilityConfigCallbackPairs={Array []}
            windowSize={21}
          >
            <View />
          </RCTScrollView>
        </View>
        <View
          style={
            Object {
              "backgroundColor": "#E0E0E0",
              "height": 1,
              "marginTop": 50,
            }
          }
        />
        <View
          style={
            Object {
              "marginTop": 22,
            }
          }
        >
          <View
            accessible={true}
            focusable={true}
            onClick={[Function]}
            onResponderGrant={[Function]}
            onResponderMove={[Function]}
            onResponderRelease={[Function]}
            onResponderTerminate={[Function]}
            onResponderTerminationRequest={[Function]}
            onStartShouldSetResponder={[Function]}
            style={
              Object {
                "flexDirection": "row",
                "opacity": 1,
                "paddingHorizontal": 20,
                "paddingVertical": 13,
              }
            }
          >
            <View
              style={
                Object {
                  "marginRight": 26,
                }
              }
            >
              <View
                style={
                  Array [
                    Object {
                      "overflow": "hidden",
                    },
                    Object {
                      "height": 20,
                      "width": 20,
                    },
                  ]
                }
              >
                <FastImageView
                  defaultSource={null}
                  resizeMode="cover"
                  source={
                    Object {
                      "testUri": "../../../src/assets/images/exit-group.png",
                    }
                  }
                />
              </View>
            </View>
            <View>
              <Text
                style={
                  Object {
                    "color": "#FF2E63",
                    "fontSize": 14,
                  }
                }
              >
                Exit Group
              </Text>
            </View>
          </View>
          <View
            accessible={true}
            focusable={false}
            onClick={[Function]}
            onResponderGrant={[Function]}
            onResponderMove={[Function]}
            onResponderRelease={[Function]}
            onResponderTerminate={[Function]}
            onResponderTerminationRequest={[Function]}
            onStartShouldSetResponder={[Function]}
            style={
              Object {
                "flexDirection": "row",
                "opacity": 1,
                "paddingHorizontal": 20,
                "paddingVertical": 13,
              }
            }
          >
            <View
              style={
                Object {
                  "marginRight": 26,
                }
              }
            >
              <View
                style={
                  Array [
                    Object {
                      "overflow": "hidden",
                    },
                    Object {
                      "height": 20,
                      "width": 20,
                    },
                  ]
                }
              >
                <FastImageView
                  defaultSource={null}
                  resizeMode="cover"
                  source={
                    Object {
                      "testUri": "../../../src/assets/images/report.png",
                    }
                  }
                />
              </View>
            </View>
            <View>
              <Text
                style={
                  Object {
                    "color": "#FF2E63",
                    "fontSize": 14,
                  }
                }
              >
                Report Group
              </Text>
            </View>
          </View>
        </View>
      </RCTSafeAreaView>
    </View>
  </RCTScrollView>
  <View
    style={
      Object {
        "alignItems": "center",
        "alignSelf": "center",
        "backgroundColor": "#F5F5F5",
        "borderRadius": 8,
        "bottom": 5,
        "justifyContent": "center",
        "padding": 7.2,
        "position": "absolute",
        "width": "auto",
      }
    }
  >
    <View
      accessible={true}
      focusable={true}
      onClick={[Function]}
      onResponderGrant={[Function]}
      onResponderMove={[Function]}
      onResponderRelease={[Function]}
      onResponderTerminate={[Function]}
      onResponderTerminationRequest={[Function]}
      onStartShouldSetResponder={[Function]}
      style={
        Object {
          "opacity": 1,
        }
      }
      testID="addParticipant"
    >
      <Text
        style={
          Object {
            "color": "#00ADB5",
            "fontFamily": "Inter-SemiBold",
            "fontSize": 12.600000000000001,
            "lineHeight": 18,
          }
        }
      >
        + Add Participants
      </Text>
    </View>
  </View>
  <View
    style={
      Object {
        "alignItems": "center",
        "justifyContent": "center",
      }
    }
  >
    <Modal
      hardwareAccelerated={false}
      transparent={true}
      visible={false}
    >
      <View
        style={
          Object {
            "alignItems": "center",
            "flex": 1,
            "justifyContent": "center",
          }
        }
      >
        <View
          style={
            Object {
              "backgroundColor": "rgba(0, 0, 0, 0.22)",
              "borderRadius": 10,
              "padding": 50,
            }
          }
        >
          <ActivityIndicator
            animating={true}
            color="#00ADB5"
            hidesWhenStopped={true}
            size="large"
          />
        </View>
      </View>
    </Modal>
  </View>
  <Modal
    hardwareAccelerated={false}
    transparent={true}
    visible={false}
  >
    <View
      style={
        Object {
          "alignItems": "center",
          "flex": 1,
          "justifyContent": "center",
        }
      }
    >
      <View
        style={
          Object {
            "backgroundColor": "rgba(0, 0, 0, 0.22)",
            "borderRadius": 10,
            "padding": 50,
          }
        }
      >
        <ActivityIndicator
          animating={true}
          color="#00ADB5"
          hidesWhenStopped={true}
          size="large"
        />
      </View>
    </View>
  </Modal>
  <Modal
    animationType="none"
    deviceHeight={null}
    deviceWidth={null}
    hardwareAccelerated={false}
    hideModalContentWhileAnimating={false}
    isGroup={true}
    isOpen={false}
    onBackdropPress={[MockFunction]}
    onCloseModal={[MockFunction]}
    onModalHide={[Function]}
    onModalWillHide={[Function]}
    onModalWillShow={[Function]}
    onPress={[MockFunction]}
    onRequestClose={[Function]}
    panResponderThreshold={4}
    scrollHorizontal={false}
    scrollOffset={0}
    scrollOffsetMax={0}
    scrollTo={null}
    selectedUser={Array []}
    statusBarTranslucent={false}
    supportedOrientations={
      Array [
        "portrait",
        "landscape",
      ]
    }
    swipeThreshold={100}
    transparent={true}
    visible={false}
  >
    <View
      accessible={true}
      focusable={true}
      forwardedRef={[Function]}
      onClick={[Function]}
      onResponderGrant={[Function]}
      onResponderMove={[Function]}
      onResponderRelease={[Function]}
      onResponderTerminate={[Function]}
      onResponderTerminationRequest={[Function]}
      onStartShouldSetResponder={[Function]}
      style={
        Object {
          "backgroundColor": "black",
          "bottom": 0,
          "height": 300,
          "left": 0,
          "opacity": 0,
          "position": "absolute",
          "right": 0,
          "top": 0,
          "width": 300,
        }
      }
    />
    <View
      deviceHeight={null}
      deviceWidth={null}
      forwardedRef={[Function]}
      hideModalContentWhileAnimating={false}
      isGroup={true}
      isOpen={false}
      onBackdropPress={[MockFunction]}
      onCloseModal={[MockFunction]}
      onModalHide={[Function]}
      onModalWillHide={[Function]}
      onModalWillShow={[Function]}
      onPress={[MockFunction]}
      panResponderThreshold={4}
      pointerEvents="box-none"
      scrollHorizontal={false}
      scrollOffset={0}
      scrollOffsetMax={0}
      scrollTo={null}
      selectedUser={Array []}
      statusBarTranslucent={false}
      style={
        Object {
          "flex": 1,
          "justifyContent": "center",
          "margin": 15,
          "transform": Array [
            Object {
              "translateY": 0,
            },
          ],
        }
      }
      supportedOrientations={
        Array [
          "portrait",
          "landscape",
        ]
      }
      swipeThreshold={100}
    >
      <View
        style={
          Object {
            "backgroundColor": "white",
            "padding": 24,
          }
        }
      >
        <View
          accessible={true}
          focusable={true}
          onClick={[Function]}
          onResponderGrant={[Function]}
          onResponderMove={[Function]}
          onResponderRelease={[Function]}
          onResponderTerminate={[Function]}
          onResponderTerminationRequest={[Function]}
          onStartShouldSetResponder={[Function]}
          style={
            Object {
              "justifyContent": "center",
              "opacity": 1,
              "paddingVertical": 18,
            }
          }
        >
          <Text
            style={
              Object {
                "fontSize": 16,
                "fontWeight": "bold",
              }
            }
          >
            Message 
          </Text>
        </View>
        <View
          accessible={true}
          focusable={true}
          onClick={[Function]}
          onResponderGrant={[Function]}
          onResponderMove={[Function]}
          onResponderRelease={[Function]}
          onResponderTerminate={[Function]}
          onResponderTerminationRequest={[Function]}
          onStartShouldSetResponder={[Function]}
          style={
            Object {
              "justifyContent": "center",
              "opacity": 1,
              "paddingVertical": 18,
            }
          }
        >
          <Text
            style={
              Object {
                "color": "#C4C4C4",
                "fontSize": 16,
                "fontWeight": "bold",
              }
            }
          >
            Message Anonymously
          </Text>
        </View>
        <View
          accessible={true}
          focusable={true}
          onClick={[Function]}
          onResponderGrant={[Function]}
          onResponderMove={[Function]}
          onResponderRelease={[Function]}
          onResponderTerminate={[Function]}
          onResponderTerminationRequest={[Function]}
          onStartShouldSetResponder={[Function]}
          style={
            Object {
              "justifyContent": "center",
              "opacity": 1,
              "paddingVertical": 18,
            }
          }
        >
          <Text
            style={
              Object {
                "fontSize": 16,
                "fontWeight": "bold",
              }
            }
          >
            View 
            's Profile 
          </Text>
        </View>
        <View
          accessible={true}
          focusable={true}
          onClick={[Function]}
          onResponderGrant={[Function]}
          onResponderMove={[Function]}
          onResponderRelease={[Function]}
          onResponderTerminate={[Function]}
          onResponderTerminationRequest={[Function]}
          onStartShouldSetResponder={[Function]}
          style={
            Object {
              "justifyContent": "center",
              "opacity": 1,
              "paddingVertical": 18,
            }
          }
        >
          <Text
            style={
              Object {
                "fontSize": 16,
                "fontWeight": "bold",
              }
            }
          >
            Remove 
             
          </Text>
        </View>
      </View>
    </View>
  </Modal>
  <Modal
    animationType="none"
    deviceHeight={null}
    deviceWidth={null}
    hardwareAccelerated={false}
    hideModalContentWhileAnimating={false}
    onBackdropPress={[MockFunction]}
    onCloseModal={[MockFunction]}
    onModalHide={[Function]}
    onModalWillHide={[Function]}
    onModalWillShow={[Function]}
    onPress={[MockFunction]}
    onRequestClose={[Function]}
    panResponderThreshold={4}
    scrollHorizontal={false}
    scrollOffset={0}
    scrollOffsetMax={0}
    scrollTo={null}
    selectedUser={Array []}
    statusBarTranslucent={false}
    supportedOrientations={
      Array [
        "portrait",
        "landscape",
      ]
    }
    swipeThreshold={100}
    transparent={true}
    visible={false}
  >
    <View
      accessible={true}
      focusable={true}
      forwardedRef={[Function]}
      onClick={[Function]}
      onResponderGrant={[Function]}
      onResponderMove={[Function]}
      onResponderRelease={[Function]}
      onResponderTerminate={[Function]}
      onResponderTerminationRequest={[Function]}
      onStartShouldSetResponder={[Function]}
      style={
        Object {
          "backgroundColor": "black",
          "bottom": 0,
          "height": 300,
          "left": 0,
          "opacity": 0,
          "position": "absolute",
          "right": 0,
          "top": 0,
          "width": 300,
        }
      }
    />
    <View
      deviceHeight={null}
      deviceWidth={null}
      forwardedRef={[Function]}
      hideModalContentWhileAnimating={false}
      onBackdropPress={[MockFunction]}
      onCloseModal={[MockFunction]}
      onModalHide={[Function]}
      onModalWillHide={[Function]}
      onModalWillShow={[Function]}
      onPress={[MockFunction]}
      panResponderThreshold={4}
      pointerEvents="box-none"
      scrollHorizontal={false}
      scrollOffset={0}
      scrollOffsetMax={0}
      scrollTo={null}
      selectedUser={Array []}
      statusBarTranslucent={false}
      style={
        Object {
          "flex": 1,
          "justifyContent": "center",
          "margin": 15,
          "transform": Array [
            Object {
              "translateY": 0,
            },
          ],
        }
      }
      supportedOrientations={
        Array [
          "portrait",
          "landscape",
        ]
      }
      swipeThreshold={100}
    >
      <View
        style={
          Object {
            "backgroundColor": "white",
            "padding": 24,
          }
        }
      >
        <View
          accessible={true}
          focusable={true}
          onClick={[Function]}
          onResponderGrant={[Function]}
          onResponderMove={[Function]}
          onResponderRelease={[Function]}
          onResponderTerminate={[Function]}
          onResponderTerminationRequest={[Function]}
          onStartShouldSetResponder={[Function]}
          style={
            Object {
              "justifyContent": "center",
              "opacity": 1,
              "paddingVertical": 18,
            }
          }
        >
          <Text
            style={
              Object {
                "fontSize": 16,
                "fontWeight": "bold",
              }
            }
          >
            Block 
          </Text>
        </View>
      </View>
    </View>
  </Modal>
  <Modal
    hardwareAccelerated={false}
    transparent={true}
    visible={true}
  >
    <View
      style={
        Object {
          "alignItems": "center",
          "flex": 1,
          "justifyContent": "center",
        }
      }
    >
      <View
        style={
          Object {
            "backgroundColor": "rgba(0, 0, 0, 0.22)",
            "borderRadius": 10,
            "padding": 50,
          }
        }
      >
        <ActivityIndicator
          animating={true}
          color="#00ADB5"
          hidesWhenStopped={true}
          size="large"
        />
      </View>
    </View>
  </Modal>
  <View>
    <View>
      <Modal
        animationType="none"
        hardwareAccelerated={false}
        onRequestClose={[Function]}
        supportedOrientations={
          Array [
            "portrait",
            "portrait-upside-down",
            "landscape",
            "landscape-left",
            "landscape-right",
          ]
        }
        transparent={true}
        visible={false}
      >
        <View
          onLayout={[Function]}
          style={
            Array [
              Array [
                Object {
                  "backgroundColor": "#00000077",
                  "flex": 1,
                },
                undefined,
              ],
              Object {
                "paddingBottom": 0,
              },
            ]
          }
        >
          <View
            accessible={true}
            focusable={true}
            onClick={[Function]}
            onResponderGrant={[Function]}
            onResponderMove={[Function]}
            onResponderRelease={[Function]}
            onResponderTerminate={[Function]}
            onResponderTerminationRequest={[Function]}
            onStartShouldSetResponder={[Function]}
            style={
              Object {
                "backgroundColor": "transparent",
                "flex": 1,
                "opacity": 1,
              }
            }
          />
          <View
            onMoveShouldSetResponder={[Function]}
            onMoveShouldSetResponderCapture={[Function]}
            onResponderEnd={[Function]}
            onResponderGrant={[Function]}
            onResponderMove={[Function]}
            onResponderReject={[Function]}
            onResponderRelease={[Function]}
            onResponderStart={[Function]}
            onResponderTerminate={[Function]}
            onResponderTerminationRequest={[Function]}
            onStartShouldSetResponder={[Function]}
            onStartShouldSetResponderCapture={[Function]}
            style={
              Object {
                "backgroundColor": "#fff",
                "borderTopLeftRadius": 20,
                "borderTopRightRadius": 20,
                "height": "auto",
                "overflow": "hidden",
                "transform": Array [
                  Object {
                    "translateX": 0,
                  },
                  Object {
                    "translateY": 0,
                  },
                ],
                "width": "100%",
              }
            }
          >
            <View
              style={
                Object {
                  "alignItems": "center",
                  "backgroundColor": "transparent",
                  "width": "100%",
                }
              }
            >
              <View
                style={
                  Array [
                    Object {
                      "backgroundColor": "#ccc",
                      "borderRadius": 5,
                      "height": 5,
                      "margin": 10,
                      "width": 35,
                    },
                    Object {
                      "backgroundColor": "#E8EBED",
                      "width": 60,
                    },
                  ]
                }
              />
            </View>
            <Text
              style={
                Object {
                  "color": "#000",
                  "fontFamily": "Inter-SemiBold",
                  "fontSize": 18,
                  "marginLeft": 21,
                }
              }
            >
              What do you want to do?
            </Text>
            <Text
              style={
                Object {
                  "color": "#828282",
                  "fontFamily": "Inter-Regular",
                  "fontSize": 12,
                  "marginBottom": 29,
                  "marginHorizontal": 21,
                  "marginTop": 17,
                }
              }
            >
              Blocking all of this user's anonymous post from your feed will also reduce their visibility for all other posts.
            </Text>
            <View
              accessible={true}
              focusable={true}
              onClick={[Function]}
              onResponderGrant={[Function]}
              onResponderMove={[Function]}
              onResponderRelease={[Function]}
              onResponderTerminate={[Function]}
              onResponderTerminationRequest={[Function]}
              onStartShouldSetResponder={[Function]}
              style={
                Object {
                  "borderTopColor": "#E0E0E0",
                  "borderTopWidth": 1,
                  "opacity": 1,
                  "paddingHorizontal": 22,
                  "paddingVertical": 15,
                }
              }
            >
              <View
                style={
                  Object {
                    "alignItems": "center",
                    "flexDirection": "row",
                  }
                }
              >
                <Icon
                  color="#000"
                  name="block"
                  size={17}
                />
                <Text
                  style={
                    Object {
                      "color": "#000",
                      "fontFamily": "Inter-Medium",
                      "fontSize": 14,
                      "marginLeft": 15,
                    }
                  }
                >
                  Block user's anonymous post indefinitely
                </Text>
              </View>
              <View
                style={
                  Object {
                    "flexDirection": "row",
                  }
                }
              >
                <Text
                  style={
                    Object {
                      "color": "#828282",
                      "flex": 1,
                      "fontFamily": "Inter-Regular",
                      "fontSize": 12,
                      "marginTop": 5,
                    }
                  }
                >
                  You won’t see any anonymous posts from this user and the user’s reach will be reduced across BetterSocial, in particular for this post. This action cannot be reversed!
                </Text>
              </View>
            </View>
            <View
              accessible={true}
              focusable={true}
              onClick={[Function]}
              onResponderGrant={[Function]}
              onResponderMove={[Function]}
              onResponderRelease={[Function]}
              onResponderTerminate={[Function]}
              onResponderTerminationRequest={[Function]}
              onStartShouldSetResponder={[Function]}
              style={
                Object {
                  "borderTopColor": "#E0E0E0",
                  "borderTopWidth": 1,
                  "opacity": 1,
                  "paddingHorizontal": 22,
                  "paddingVertical": 15,
                }
              }
            >
              <View
                style={
                  Object {
                    "alignItems": "center",
                    "flexDirection": "row",
                  }
                }
              >
                <SvgMock />
                <Text
                  style={
                    Object {
                      "color": "#000",
                      "fontFamily": "Inter-Medium",
                      "fontSize": 14,
                      "marginLeft": 15,
                    }
                  }
                >
                  Block & report this user
                </Text>
              </View>
              <View
                style={
                  Object {
                    "flexDirection": "row",
                  }
                }
              >
                <Text
                  style={
                    Object {
                      "color": "#828282",
                      "flex": 1,
                      "fontFamily": "Inter-Regular",
                      "fontSize": 12,
                      "marginTop": 5,
                    }
                  }
                >
                  This account is fake, hacked, or involved in criminal activity. You will need to provide additional information to help us take consequences.
                </Text>
                <View
                  accessible={true}
                  focusable={false}
                  onClick={[Function]}
                  onResponderGrant={[Function]}
                  onResponderMove={[Function]}
                  onResponderRelease={[Function]}
                  onResponderTerminate={[Function]}
                  onResponderTerminationRequest={[Function]}
                  onStartShouldSetResponder={[Function]}
                  style={
                    Object {
                      "alignItems": "flex-end",
                      "justifyContent": "center",
                      "marginLeft": 15,
                      "opacity": 1,
                      "width": 20,
                    }
                  }
                >
                  <Icon
                    color="#000"
                    name="chevron-right"
                    size={17}
                  />
                </View>
              </View>
            </View>
          </View>
        </View>
      </Modal>
    </View>
    <View>
      <Modal
        animationType="none"
        hardwareAccelerated={false}
        onRequestClose={[Function]}
        supportedOrientations={
          Array [
            "portrait",
            "portrait-upside-down",
            "landscape",
            "landscape-left",
            "landscape-right",
          ]
        }
        transparent={true}
        visible={false}
      >
        <View
          onLayout={[Function]}
          style={
            Array [
              Array [
                Object {
                  "backgroundColor": "#00000077",
                  "flex": 1,
                },
                undefined,
              ],
              Object {
                "paddingBottom": 0,
              },
            ]
          }
        >
          <View
            accessible={true}
            focusable={true}
            onClick={[Function]}
            onResponderGrant={[Function]}
            onResponderMove={[Function]}
            onResponderRelease={[Function]}
            onResponderTerminate={[Function]}
            onResponderTerminationRequest={[Function]}
            onStartShouldSetResponder={[Function]}
            style={
              Object {
                "backgroundColor": "transparent",
                "flex": 1,
                "opacity": 1,
              }
            }
          />
          <View
            onMoveShouldSetResponder={[Function]}
            onMoveShouldSetResponderCapture={[Function]}
            onResponderEnd={[Function]}
            onResponderGrant={[Function]}
            onResponderMove={[Function]}
            onResponderReject={[Function]}
            onResponderRelease={[Function]}
            onResponderStart={[Function]}
            onResponderTerminate={[Function]}
            onResponderTerminationRequest={[Function]}
            onStartShouldSetResponder={[Function]}
            onStartShouldSetResponderCapture={[Function]}
            style={
              Object {
                "backgroundColor": "#fff",
                "borderTopLeftRadius": 20,
                "borderTopRightRadius": 20,
                "height": "auto",
                "overflow": "hidden",
                "transform": Array [
                  Object {
                    "translateX": 0,
                  },
                  Object {
                    "translateY": 0,
                  },
                ],
                "width": "100%",
              }
            }
          >
            <View
              style={
                Object {
                  "alignItems": "center",
                  "backgroundColor": "transparent",
                  "width": "100%",
                }
              }
            >
              <View
                style={
                  Array [
                    Object {
                      "backgroundColor": "#ccc",
                      "borderRadius": 5,
                      "height": 5,
                      "margin": 10,
                      "width": 35,
                    },
                    Object {
                      "backgroundColor": "#E8EBED",
                      "width": 60,
                    },
                  ]
                }
              />
            </View>
            <Text
              style={
                Object {
                  "color": "#000",
                  "fontFamily": "Inter-SemiBold",
                  "fontSize": 18,
                  "marginLeft": 21,
                }
              }
            >
              What do you want to do?
            </Text>
            <Text
              style={
                Object {
                  "color": "#828282",
                  "fontFamily": "Inter-Regular",
                  "fontSize": 12,
                  "marginBottom": 29,
                  "marginHorizontal": 21,
                  "marginTop": 17,
                }
              }
            >
              Blocking a user will not just remove their post from your feed, but also reduce their visibility for all other users.
            </Text>
            <View
              accessible={true}
              focusable={true}
              onClick={[Function]}
              onResponderGrant={[Function]}
              onResponderMove={[Function]}
              onResponderRelease={[Function]}
              onResponderTerminate={[Function]}
              onResponderTerminationRequest={[Function]}
              onStartShouldSetResponder={[Function]}
              style={
                Object {
                  "borderTopColor": "#E0E0E0",
                  "borderTopWidth": 1,
                  "opacity": 1,
                  "paddingHorizontal": 22,
                  "paddingVertical": 15,
                }
              }
            >
              <View
                style={
                  Object {
                    "alignItems": "center",
                    "flexDirection": "row",
                  }
                }
              >
                <Icon
                  color="#000"
                  name="block"
                  size={17}
                />
                <Text
                  style={
                    Object {
                      "color": "#000",
                      "fontFamily": "Inter-Medium",
                      "fontSize": 14,
                      "marginLeft": 15,
                    }
                  }
                >
                  Block  indefinitely
                </Text>
              </View>
              <View
                style={
                  Object {
                    "flexDirection": "row",
                  }
                }
              >
                <Text
                  style={
                    Object {
                      "color": "#828282",
                      "flex": 1,
                      "fontFamily": "Inter-Regular",
                      "fontSize": 12,
                      "marginTop": 5,
                    }
                  }
                >
                  You will not be able to see each other’s posts, or message each other. The user’s reach will be reduced across BetterSocial, in particular for this post.
                </Text>
              </View>
            </View>
            <View
              accessible={true}
              focusable={true}
              onClick={[Function]}
              onResponderGrant={[Function]}
              onResponderMove={[Function]}
              onResponderRelease={[Function]}
              onResponderTerminate={[Function]}
              onResponderTerminationRequest={[Function]}
              onStartShouldSetResponder={[Function]}
              style={
                Object {
                  "borderTopColor": "#E0E0E0",
                  "borderTopWidth": 1,
                  "opacity": 1,
                  "paddingHorizontal": 22,
                  "paddingVertical": 15,
                }
              }
            >
              <View
                style={
                  Object {
                    "alignItems": "center",
                    "flexDirection": "row",
                  }
                }
              >
                <SvgMock />
                <Text
                  style={
                    Object {
                      "color": "#000",
                      "fontFamily": "Inter-Medium",
                      "fontSize": 14,
                      "marginLeft": 15,
                    }
                  }
                >
                  Block & report 
                </Text>
              </View>
              <View
                style={
                  Object {
                    "flexDirection": "row",
                  }
                }
              >
                <Text
                  style={
                    Object {
                      "color": "#828282",
                      "flex": 1,
                      "fontFamily": "Inter-Regular",
                      "fontSize": 12,
                      "marginTop": 5,
                    }
                  }
                >
                  This account is fake, hacked, or involved in criminal activity. You will need to provide additional information to help us take consequences.
                </Text>
                <View
                  accessible={true}
                  focusable={false}
                  onClick={[Function]}
                  onResponderGrant={[Function]}
                  onResponderMove={[Function]}
                  onResponderRelease={[Function]}
                  onResponderTerminate={[Function]}
                  onResponderTerminationRequest={[Function]}
                  onStartShouldSetResponder={[Function]}
                  style={
                    Object {
                      "alignItems": "flex-end",
                      "justifyContent": "center",
                      "marginLeft": 15,
                      "opacity": 1,
                      "width": 20,
                    }
                  }
                >
                  <Icon
                    color="#000"
                    name="chevron-right"
                    size={17}
                  />
                </View>
              </View>
            </View>
          </View>
        </View>
      </Modal>
    </View>
    <Modal
      animationType="none"
      hardwareAccelerated={false}
      onRequestClose={[Function]}
      supportedOrientations={
        Array [
          "portrait",
          "portrait-upside-down",
          "landscape",
          "landscape-left",
          "landscape-right",
        ]
      }
      transparent={true}
      visible={false}
    >
      <View
        onLayout={[Function]}
        style={
          Array [
            Array [
              Object {
                "backgroundColor": "#00000077",
                "flex": 1,
              },
              undefined,
            ],
            Object {
              "paddingBottom": 0,
            },
          ]
        }
      >
        <View
          accessible={true}
          focusable={true}
          onClick={[Function]}
          onResponderGrant={[Function]}
          onResponderMove={[Function]}
          onResponderRelease={[Function]}
          onResponderTerminate={[Function]}
          onResponderTerminationRequest={[Function]}
          onStartShouldSetResponder={[Function]}
          style={
            Object {
              "backgroundColor": "transparent",
              "flex": 1,
              "opacity": 1,
            }
          }
        />
        <View
          onMoveShouldSetResponder={[Function]}
          onMoveShouldSetResponderCapture={[Function]}
          onResponderEnd={[Function]}
          onResponderGrant={[Function]}
          onResponderMove={[Function]}
          onResponderReject={[Function]}
          onResponderRelease={[Function]}
          onResponderStart={[Function]}
          onResponderTerminate={[Function]}
          onResponderTerminationRequest={[Function]}
          onStartShouldSetResponder={[Function]}
          onStartShouldSetResponderCapture={[Function]}
          style={
            Object {
              "backgroundColor": "#fff",
              "borderTopLeftRadius": 20,
              "borderTopRightRadius": 20,
              "height": "80%",
              "overflow": "hidden",
              "transform": Array [
                Object {
                  "translateX": 0,
                },
                Object {
                  "translateY": 0,
                },
              ],
              "width": "100%",
            }
          }
        >
          <View
            style={
              Object {
                "alignItems": "center",
                "backgroundColor": "transparent",
                "width": "100%",
              }
            }
          >
            <View
              style={
                Array [
                  Object {
                    "backgroundColor": "#ccc",
                    "borderRadius": 5,
                    "height": 5,
                    "margin": 10,
                    "width": 35,
                  },
                  Object {
                    "backgroundColor": "#E8EBED",
                    "width": 60,
                  },
                ]
              }
            />
          </View>
          <RCTScrollView
            nestedScrollEnabled={true}
          >
            <View>
              <View
                accessible={true}
                focusable={true}
                onClick={[Function]}
                onResponderGrant={[Function]}
                onResponderMove={[Function]}
                onResponderRelease={[Function]}
                onResponderTerminate={[Function]}
                onResponderTerminationRequest={[Function]}
                onStartShouldSetResponder={[Function]}
                style={
                  Object {
                    "backgroundColor": "#E0E0E0",
                    "flexDirection": "row",
                    "justifyContent": "space-between",
                    "marginVertical": 22,
                    "opacity": 1,
                    "paddingHorizontal": 17,
                    "paddingVertical": 18,
                  }
                }
              >
                <Text
                  style={
                    Object {
                      "color": "#000",
                      "fontFamily": "Inter-Bold",
                      "fontSize": 14,
                    }
                  }
                >
                  Skip & just block this account
                </Text>
                <Icon
                  color="#000"
                  name="chevron-right"
                  size={17}
                />
              </View>
              <Text
                style={
                  Object {
                    "color": "#000",
                    "fontFamily": "Inter-Bold",
                    "fontSize": 16,
                    "marginLeft": 21,
                  }
                }
              >
                Or select all which apply to specify the issue - provide more info on next screen:
              </Text>
              <View
                accessible={true}
                focusable={true}
                onClick={[Function]}
                onResponderGrant={[Function]}
                onResponderMove={[Function]}
                onResponderRelease={[Function]}
                onResponderTerminate={[Function]}
                onResponderTerminationRequest={[Function]}
                onStartShouldSetResponder={[Function]}
                style={
                  Object {
                    "borderBottomColor": "#E0E0E0",
                    "borderBottomWidth": 1,
                    "flexDirection": "row",
                    "justifyContent": "space-between",
                    "opacity": 1,
                    "paddingRight": 20,
                    "paddingVertical": 18,
                  }
                }
              >
                <Text
                  style={
                    Object {
                      "color": "#000",
                      "flex": 1,
                      "fontFamily": "Inter-Regular",
                      "fontSize": 14,
                      "paddingHorizontal": 20,
                    }
                  }
                >
                  It’s promotional spam
                </Text>
              </View>
              <View
                accessible={true}
                focusable={true}
                onClick={[Function]}
                onResponderGrant={[Function]}
                onResponderMove={[Function]}
                onResponderRelease={[Function]}
                onResponderTerminate={[Function]}
                onResponderTerminationRequest={[Function]}
                onStartShouldSetResponder={[Function]}
                style={
                  Object {
                    "borderBottomColor": "#E0E0E0",
                    "borderBottomWidth": 1,
                    "flexDirection": "row",
                    "justifyContent": "space-between",
                    "opacity": 1,
                    "paddingRight": 20,
                    "paddingVertical": 18,
                  }
                }
              >
                <Text
                  style={
                    Object {
                      "color": "#000",
                      "flex": 1,
                      "fontFamily": "Inter-Regular",
                      "fontSize": 14,
                      "paddingHorizontal": 20,
                    }
                  }
                >
                  It’s intentional disinformation
                </Text>
              </View>
              <View
                accessible={true}
                focusable={true}
                onClick={[Function]}
                onResponderGrant={[Function]}
                onResponderMove={[Function]}
                onResponderRelease={[Function]}
                onResponderTerminate={[Function]}
                onResponderTerminationRequest={[Function]}
                onStartShouldSetResponder={[Function]}
                style={
                  Object {
                    "borderBottomColor": "#E0E0E0",
                    "borderBottomWidth": 1,
                    "flexDirection": "row",
                    "justifyContent": "space-between",
                    "opacity": 1,
                    "paddingRight": 20,
                    "paddingVertical": 18,
                  }
                }
              >
                <Text
                  style={
                    Object {
                      "color": "#000",
                      "flex": 1,
                      "fontFamily": "Inter-Regular",
                      "fontSize": 14,
                      "paddingHorizontal": 20,
                    }
                  }
                >
                  The account is fake or not human
                </Text>
              </View>
              <View
                accessible={true}
                focusable={true}
                onClick={[Function]}
                onResponderGrant={[Function]}
                onResponderMove={[Function]}
                onResponderRelease={[Function]}
                onResponderTerminate={[Function]}
                onResponderTerminationRequest={[Function]}
                onStartShouldSetResponder={[Function]}
                style={
                  Object {
                    "borderBottomColor": "#E0E0E0",
                    "borderBottomWidth": 1,
                    "flexDirection": "row",
                    "justifyContent": "space-between",
                    "opacity": 1,
                    "paddingRight": 20,
                    "paddingVertical": 18,
                  }
                }
              >
                <Text
                  style={
                    Object {
                      "color": "#000",
                      "flex": 1,
                      "fontFamily": "Inter-Regular",
                      "fontSize": 14,
                      "paddingHorizontal": 20,
                    }
                  }
                >
                  It’s private information (Doxxing)
                </Text>
              </View>
              <View
                accessible={true}
                focusable={true}
                onClick={[Function]}
                onResponderGrant={[Function]}
                onResponderMove={[Function]}
                onResponderRelease={[Function]}
                onResponderTerminate={[Function]}
                onResponderTerminationRequest={[Function]}
                onStartShouldSetResponder={[Function]}
                style={
                  Object {
                    "borderBottomColor": "#E0E0E0",
                    "borderBottomWidth": 1,
                    "flexDirection": "row",
                    "justifyContent": "space-between",
                    "opacity": 1,
                    "paddingRight": 20,
                    "paddingVertical": 18,
                  }
                }
              >
                <Text
                  style={
                    Object {
                      "color": "#000",
                      "flex": 1,
                      "fontFamily": "Inter-Regular",
                      "fontSize": 14,
                      "paddingHorizontal": 20,
                    }
                  }
                >
                  It expresses intentions of self-harm
                </Text>
              </View>
              <View
                accessible={true}
                focusable={true}
                onClick={[Function]}
                onResponderGrant={[Function]}
                onResponderMove={[Function]}
                onResponderRelease={[Function]}
                onResponderTerminate={[Function]}
                onResponderTerminationRequest={[Function]}
                onStartShouldSetResponder={[Function]}
                style={
                  Object {
                    "borderBottomColor": "#E0E0E0",
                    "borderBottomWidth": 1,
                    "flexDirection": "row",
                    "justifyContent": "space-between",
                    "opacity": 1,
                    "paddingRight": 20,
                    "paddingVertical": 18,
                  }
                }
              >
                <Text
                  style={
                    Object {
                      "color": "#000",
                      "flex": 1,
                      "fontFamily": "Inter-Regular",
                      "fontSize": 14,
                      "paddingHorizontal": 20,
                    }
                  }
                >
                  Violence/threats against humans or animals
                </Text>
              </View>
              <View
                accessible={true}
                focusable={true}
                onClick={[Function]}
                onResponderGrant={[Function]}
                onResponderMove={[Function]}
                onResponderRelease={[Function]}
                onResponderTerminate={[Function]}
                onResponderTerminationRequest={[Function]}
                onStartShouldSetResponder={[Function]}
                style={
                  Object {
                    "borderBottomColor": "#E0E0E0",
                    "borderBottomWidth": 1,
                    "flexDirection": "row",
                    "justifyContent": "space-between",
                    "opacity": 1,
                    "paddingRight": 20,
                    "paddingVertical": 18,
                  }
                }
              >
                <Text
                  style={
                    Object {
                      "color": "#000",
                      "flex": 1,
                      "fontFamily": "Inter-Regular",
                      "fontSize": 14,
                      "paddingHorizontal": 20,
                    }
                  }
                >
                  Something else
                </Text>
              </View>
              <View
                style={
                  Object {
                    "marginBottom": 30,
                    "paddingLeft": 18,
                    "paddingRight": 22,
                    "paddingTop": 8,
                  }
                }
              >
                <View
                  accessible={true}
                  focusable={true}
                  onClick={[Function]}
                  onResponderGrant={[Function]}
                  onResponderMove={[Function]}
                  onResponderRelease={[Function]}
                  onResponderTerminate={[Function]}
                  onResponderTerminationRequest={[Function]}
                  onStartShouldSetResponder={[Function]}
                  style={
                    Object {
                      "opacity": 1,
                    }
                  }
                >
                  <View
                    style={
                      Object {
                        "alignItems": "center",
                        "backgroundColor": "#00ADB5",
                        "borderRadius": 6.4,
                        "flexDirection": "row",
                        "height": 40,
                        "justifyContent": "center",
                        "paddingHorizontal": 20,
                      }
                    }
                  >
                    <Text
                      style={
                        Object {
                          "color": "#FFFFFF",
                          "fontFamily": "Inter-SemiBold",
                          "fontSize": 18,
                        }
                      }
                    >
                      <Text>
                        Provide info on next screen
                      </Text>
                    </Text>
                  </View>
                </View>
              </View>
            </View>
          </RCTScrollView>
        </View>
      </View>
    </Modal>
    <Modal
      animationType="none"
      hardwareAccelerated={false}
      onRequestClose={[Function]}
      supportedOrientations={
        Array [
          "portrait",
          "portrait-upside-down",
          "landscape",
          "landscape-left",
          "landscape-right",
        ]
      }
      transparent={true}
      visible={false}
    >
      <View
        onLayout={[Function]}
        style={
          Array [
            Array [
              Object {
                "backgroundColor": "#00000077",
                "flex": 1,
              },
              undefined,
            ],
            Object {
              "paddingBottom": 0,
            },
          ]
        }
      >
        <View
          accessible={true}
          focusable={true}
          onClick={[Function]}
          onResponderGrant={[Function]}
          onResponderMove={[Function]}
          onResponderRelease={[Function]}
          onResponderTerminate={[Function]}
          onResponderTerminationRequest={[Function]}
          onStartShouldSetResponder={[Function]}
          style={
            Object {
              "backgroundColor": "transparent",
              "flex": 1,
              "opacity": 1,
            }
          }
        />
        <View
          onMoveShouldSetResponder={[Function]}
          onMoveShouldSetResponderCapture={[Function]}
          onResponderEnd={[Function]}
          onResponderGrant={[Function]}
          onResponderMove={[Function]}
          onResponderReject={[Function]}
          onResponderRelease={[Function]}
          onResponderStart={[Function]}
          onResponderTerminate={[Function]}
          onResponderTerminationRequest={[Function]}
          onStartShouldSetResponder={[Function]}
          onStartShouldSetResponderCapture={[Function]}
          style={
            Object {
              "backgroundColor": "#fff",
              "borderTopLeftRadius": 20,
              "borderTopRightRadius": 20,
              "height": "80%",
              "overflow": "hidden",
              "transform": Array [
                Object {
                  "translateX": 0,
                },
                Object {
                  "translateY": 0,
                },
              ],
              "width": "100%",
            }
          }
        >
          <View
            style={
              Object {
                "alignItems": "center",
                "backgroundColor": "transparent",
                "width": "100%",
              }
            }
          >
            <View
              style={
                Array [
                  Object {
                    "backgroundColor": "#ccc",
                    "borderRadius": 5,
                    "height": 5,
                    "margin": 10,
                    "width": 35,
                  },
                  Object {
                    "backgroundColor": "#E8EBED",
                    "width": 60,
                  },
                ]
              }
            />
          </View>
          <RCTScrollView
            nestedScrollEnabled={true}
          >
            <View>
              <View
                accessible={true}
                focusable={true}
                onClick={[Function]}
                onResponderGrant={[Function]}
                onResponderMove={[Function]}
                onResponderRelease={[Function]}
                onResponderTerminate={[Function]}
                onResponderTerminationRequest={[Function]}
                onStartShouldSetResponder={[Function]}
                style={
                  Object {
                    "backgroundColor": "#E0E0E0",
                    "flexDirection": "row",
                    "justifyContent": "space-between",
                    "marginVertical": 22,
                    "opacity": 1,
                    "paddingHorizontal": 17,
                    "paddingVertical": 18,
                  }
                }
              >
                <Text
                  style={
                    Object {
                      "color": "#000",
                      "fontFamily": "Inter-Bold",
                      "fontSize": 14,
                    }
                  }
                >
                  Skip & just block this post
                </Text>
                <Icon
                  color="#000"
                  name="chevron-right"
                  size={17}
                />
              </View>
              <Text
                style={
                  Object {
                    "color": "#000",
                    "fontFamily": "Inter-Bold",
                    "fontSize": 16,
                    "marginLeft": 21,
                  }
                }
              >
                Or select all which apply to specify the issue - provide more info on next screen:
              </Text>
              <View
                accessible={true}
                focusable={true}
                onClick={[Function]}
                onResponderGrant={[Function]}
                onResponderMove={[Function]}
                onResponderRelease={[Function]}
                onResponderTerminate={[Function]}
                onResponderTerminationRequest={[Function]}
                onStartShouldSetResponder={[Function]}
                style={
                  Object {
                    "borderBottomColor": "#E0E0E0",
                    "borderBottomWidth": 1,
                    "flexDirection": "row",
                    "justifyContent": "space-between",
                    "opacity": 1,
                    "paddingRight": 20,
                    "paddingVertical": 18,
                  }
                }
              >
                <Text
                  style={
                    Object {
                      "color": "#000",
                      "flex": 1,
                      "fontFamily": "Inter-Regular",
                      "fontSize": 14,
                      "paddingHorizontal": 20,
                    }
                  }
                >
                  It’s promotional spam
                </Text>
              </View>
              <View
                accessible={true}
                focusable={true}
                onClick={[Function]}
                onResponderGrant={[Function]}
                onResponderMove={[Function]}
                onResponderRelease={[Function]}
                onResponderTerminate={[Function]}
                onResponderTerminationRequest={[Function]}
                onStartShouldSetResponder={[Function]}
                style={
                  Object {
                    "borderBottomColor": "#E0E0E0",
                    "borderBottomWidth": 1,
                    "flexDirection": "row",
                    "justifyContent": "space-between",
                    "opacity": 1,
                    "paddingRight": 20,
                    "paddingVertical": 18,
                  }
                }
              >
                <Text
                  style={
                    Object {
                      "color": "#000",
                      "flex": 1,
                      "fontFamily": "Inter-Regular",
                      "fontSize": 14,
                      "paddingHorizontal": 20,
                    }
                  }
                >
                  It’s intentional disinformation
                </Text>
              </View>
              <View
                accessible={true}
                focusable={true}
                onClick={[Function]}
                onResponderGrant={[Function]}
                onResponderMove={[Function]}
                onResponderRelease={[Function]}
                onResponderTerminate={[Function]}
                onResponderTerminationRequest={[Function]}
                onStartShouldSetResponder={[Function]}
                style={
                  Object {
                    "borderBottomColor": "#E0E0E0",
                    "borderBottomWidth": 1,
                    "flexDirection": "row",
                    "justifyContent": "space-between",
                    "opacity": 1,
                    "paddingRight": 20,
                    "paddingVertical": 18,
                  }
                }
              >
                <Text
                  style={
                    Object {
                      "color": "#000",
                      "flex": 1,
                      "fontFamily": "Inter-Regular",
                      "fontSize": 14,
                      "paddingHorizontal": 20,
                    }
                  }
                >
                  The account is fake or not human
                </Text>
              </View>
              <View
                accessible={true}
                focusable={true}
                onClick={[Function]}
                onResponderGrant={[Function]}
                onResponderMove={[Function]}
                onResponderRelease={[Function]}
                onResponderTerminate={[Function]}
                onResponderTerminationRequest={[Function]}
                onStartShouldSetResponder={[Function]}
                style={
                  Object {
                    "borderBottomColor": "#E0E0E0",
                    "borderBottomWidth": 1,
                    "flexDirection": "row",
                    "justifyContent": "space-between",
                    "opacity": 1,
                    "paddingRight": 20,
                    "paddingVertical": 18,
                  }
                }
              >
                <Text
                  style={
                    Object {
                      "color": "#000",
                      "flex": 1,
                      "fontFamily": "Inter-Regular",
                      "fontSize": 14,
                      "paddingHorizontal": 20,
                    }
                  }
                >
                  It’s private information (Doxxing)
                </Text>
              </View>
              <View
                accessible={true}
                focusable={true}
                onClick={[Function]}
                onResponderGrant={[Function]}
                onResponderMove={[Function]}
                onResponderRelease={[Function]}
                onResponderTerminate={[Function]}
                onResponderTerminationRequest={[Function]}
                onStartShouldSetResponder={[Function]}
                style={
                  Object {
                    "borderBottomColor": "#E0E0E0",
                    "borderBottomWidth": 1,
                    "flexDirection": "row",
                    "justifyContent": "space-between",
                    "opacity": 1,
                    "paddingRight": 20,
                    "paddingVertical": 18,
                  }
                }
              >
                <Text
                  style={
                    Object {
                      "color": "#000",
                      "flex": 1,
                      "fontFamily": "Inter-Regular",
                      "fontSize": 14,
                      "paddingHorizontal": 20,
                    }
                  }
                >
                  It expresses intentions of self-harm
                </Text>
              </View>
              <View
                accessible={true}
                focusable={true}
                onClick={[Function]}
                onResponderGrant={[Function]}
                onResponderMove={[Function]}
                onResponderRelease={[Function]}
                onResponderTerminate={[Function]}
                onResponderTerminationRequest={[Function]}
                onStartShouldSetResponder={[Function]}
                style={
                  Object {
                    "borderBottomColor": "#E0E0E0",
                    "borderBottomWidth": 1,
                    "flexDirection": "row",
                    "justifyContent": "space-between",
                    "opacity": 1,
                    "paddingRight": 20,
                    "paddingVertical": 18,
                  }
                }
              >
                <Text
                  style={
                    Object {
                      "color": "#000",
                      "flex": 1,
                      "fontFamily": "Inter-Regular",
                      "fontSize": 14,
                      "paddingHorizontal": 20,
                    }
                  }
                >
                  Violence/threats against humans or animals
                </Text>
              </View>
              <View
                accessible={true}
                focusable={true}
                onClick={[Function]}
                onResponderGrant={[Function]}
                onResponderMove={[Function]}
                onResponderRelease={[Function]}
                onResponderTerminate={[Function]}
                onResponderTerminationRequest={[Function]}
                onStartShouldSetResponder={[Function]}
                style={
                  Object {
                    "borderBottomColor": "#E0E0E0",
                    "borderBottomWidth": 1,
                    "flexDirection": "row",
                    "justifyContent": "space-between",
                    "opacity": 1,
                    "paddingRight": 20,
                    "paddingVertical": 18,
                  }
                }
              >
                <Text
                  style={
                    Object {
                      "color": "#000",
                      "flex": 1,
                      "fontFamily": "Inter-Regular",
                      "fontSize": 14,
                      "paddingHorizontal": 20,
                    }
                  }
                >
                  Something else
                </Text>
              </View>
              <View
                style={
                  Object {
                    "marginBottom": 30,
                    "paddingLeft": 18,
                    "paddingRight": 22,
                    "paddingTop": 8,
                  }
                }
              >
                <View
                  accessible={true}
                  focusable={true}
                  onClick={[Function]}
                  onResponderGrant={[Function]}
                  onResponderMove={[Function]}
                  onResponderRelease={[Function]}
                  onResponderTerminate={[Function]}
                  onResponderTerminationRequest={[Function]}
                  onStartShouldSetResponder={[Function]}
                  style={
                    Object {
                      "opacity": 1,
                    }
                  }
                >
                  <View
                    style={
                      Object {
                        "alignItems": "center",
                        "backgroundColor": "#00ADB5",
                        "borderRadius": 6.4,
                        "flexDirection": "row",
                        "height": 40,
                        "justifyContent": "center",
                        "paddingHorizontal": 20,
                      }
                    }
                  >
                    <Text
                      style={
                        Object {
                          "color": "#FFFFFF",
                          "fontFamily": "Inter-SemiBold",
                          "fontSize": 18,
                        }
                      }
                    >
                      <Text>
                        Provide info on next screen
                      </Text>
                    </Text>
                  </View>
                </View>
              </View>
            </View>
          </RCTScrollView>
        </View>
      </View>
    </Modal>
    <Modal
      animationType="none"
      hardwareAccelerated={false}
      onRequestClose={[Function]}
      supportedOrientations={
        Array [
          "portrait",
          "portrait-upside-down",
          "landscape",
          "landscape-left",
          "landscape-right",
        ]
      }
      transparent={true}
      visible={false}
    >
      <View
        onLayout={[Function]}
        style={
          Array [
            Array [
              Object {
                "backgroundColor": "#00000077",
                "flex": 1,
              },
              undefined,
            ],
            Object {
              "paddingBottom": 0,
            },
          ]
        }
      >
        <View
          accessible={true}
          focusable={true}
          onClick={[Function]}
          onResponderGrant={[Function]}
          onResponderMove={[Function]}
          onResponderRelease={[Function]}
          onResponderTerminate={[Function]}
          onResponderTerminationRequest={[Function]}
          onStartShouldSetResponder={[Function]}
          style={
            Object {
              "backgroundColor": "transparent",
              "flex": 1,
              "opacity": 1,
            }
          }
        />
        <View
          onMoveShouldSetResponder={[Function]}
          onMoveShouldSetResponderCapture={[Function]}
          onResponderEnd={[Function]}
          onResponderGrant={[Function]}
          onResponderMove={[Function]}
          onResponderReject={[Function]}
          onResponderRelease={[Function]}
          onResponderStart={[Function]}
          onResponderTerminate={[Function]}
          onResponderTerminationRequest={[Function]}
          onStartShouldSetResponder={[Function]}
          onStartShouldSetResponderCapture={[Function]}
          style={
            Object {
              "backgroundColor": "#fff",
              "borderTopLeftRadius": 20,
              "borderTopRightRadius": 20,
              "height": "auto",
              "overflow": "hidden",
              "transform": Array [
                Object {
                  "translateX": 0,
                },
                Object {
                  "translateY": 0,
                },
              ],
              "width": "100%",
            }
          }
        >
          <View
            style={
              Object {
                "alignItems": "center",
                "backgroundColor": "transparent",
                "width": "100%",
              }
            }
          >
            <View
              style={
                Array [
                  Object {
                    "backgroundColor": "#ccc",
                    "borderRadius": 5,
                    "height": 5,
                    "margin": 10,
                    "width": 35,
                  },
                  Object {
                    "backgroundColor": "#E8EBED",
                    "width": 60,
                  },
                ]
              }
            />
          </View>
          <View>
            <Text
              style={
                Object {
                  "color": "#000",
                  "fontFamily": "Inter-Bold",
                  "fontSize": 18,
                  "marginLeft": 21,
                  "marginTop": 18,
                }
              }
            >
              Please specify the issue
            </Text>
            <TextInput
              allowFontScaling={true}
              multiline={true}
              onChangeText={[Function]}
              placeholder="Please provide more details to inform our
 team (min. 50 characters)"
              rejectResponderTermination={true}
              style={
                Object {
                  "backgroundColor": "#F5F5F5",
                  "borderRadius": 8,
                  "color": "#828282",
                  "fontFamily": "Inter-Regular",
                  "height": 233,
                  "marginLeft": 17,
                  "marginRight": 23,
                  "marginTop": 14,
                  "paddingLeft": 19,
                  "paddingRight": 13,
                  "paddingVertical": 19,
                }
              }
              textAlignVertical="top"
              underlineColorAndroid="transparent"
              value=""
            />
            <View
              accessible={true}
              focusable={true}
              onClick={[Function]}
              onResponderGrant={[Function]}
              onResponderMove={[Function]}
              onResponderRelease={[Function]}
              onResponderTerminate={[Function]}
              onResponderTerminationRequest={[Function]}
              onStartShouldSetResponder={[Function]}
              style={
                Object {
                  "backgroundColor": "#E0E0E0",
                  "flexDirection": "row",
                  "justifyContent": "space-between",
                  "marginVertical": 22,
                  "opacity": 1,
                  "paddingHorizontal": 17,
                  "paddingVertical": 18,
                }
              }
              testID="button-skip-test"
            >
              <Text
                style={
                  Object {
                    "color": "#000",
                    "fontFamily": "Inter-Bold",
                    "fontSize": 14,
                  }
                }
              >
                Skip & just block this account
              </Text>
              <Icon
                color="#000"
                name="chevron-right"
                size={17}
              />
            </View>
            <View
              style={
                Object {
                  "marginBottom": 19,
                  "marginLeft": 18,
                  "marginRight": 22,
                }
              }
            >
              <View
                accessible={true}
                focusable={true}
                onClick={[Function]}
                onResponderGrant={[Function]}
                onResponderMove={[Function]}
                onResponderRelease={[Function]}
                onResponderTerminate={[Function]}
                onResponderTerminationRequest={[Function]}
                onStartShouldSetResponder={[Function]}
                style={
                  Object {
                    "opacity": 1,
                  }
                }
                testID="button-report-test"
              >
                <View
                  style={
                    Object {
                      "alignItems": "center",
                      "backgroundColor": "#00ADB5",
                      "borderRadius": 6.4,
                      "flexDirection": "row",
                      "height": 40,
                      "justifyContent": "center",
                      "paddingHorizontal": 20,
                    }
                  }
                >
                  <Text
                    style={
                      Object {
                        "color": "#FFFFFF",
                        "fontFamily": "Inter-SemiBold",
                        "fontSize": 18,
                      }
                    }
                  >
                    <Text>
                      File Report
                    </Text>
                  </Text>
                </View>
              </View>
            </View>
          </View>
        </View>
      </View>
    </Modal>
  </View>
</RCTSafeAreaView>
`;
