// Jest Snapshot v1, https://goo.gl/fbAQLP

exports[`Testing Who To Follow Item User Match Snapshot 1`] = `
<View
  style={
    Object {
      "alignItems": "center",
      "flex": 1,
      "flexDirection": "row",
    }
  }
>
  <View
    style={
      Object {
        "alignItems": "baseline",
        "borderRadius": 9999,
        "height": 45,
        "justifyContent": "center",
        "position": "relative",
        "width": 45,
      }
    }
    testID="circleGradient"
  >
    <View
      style={
        Object {
          "height": 45,
          "position": "relative",
          "width": 45,
        }
      }
    >
      <View />
      <View
        style={
          Object {
            "position": "absolute",
          }
        }
      >
        <Image
          height={45}
          source={
            Object {
              "uri": "https://res.cloudinary.com/hpjivutj2/image/upload/v1617245336/Frame_66_1_xgvszh.png",
            }
          }
          style={
            Object {
              "borderRadius": 38.400000000000006,
              "height": 36,
              "marginLeft": 2.4000000000000004,
              "marginTop": 2.4000000000000004,
              "width": 36,
            }
          }
          width={45}
        />
      </View>
    </View>
  </View>
  <View
    style={
      Object {
        "alignItems": "center",
        "flex": 1,
        "flexDirection": "column",
        "marginLeft": 6.4,
      }
    }
  >
    <Text
      style={
        Object {
          "alignSelf": "flex-start",
          "color": "#000",
          "fontFamily": "Poppins",
          "fontSize": 12.600000000000001,
          "fontStyle": "normal",
          "fontWeight": "bold",
          "lineHeight": 18.9,
        }
      }
    >
      Fajarismrandom01
    </Text>
    <Text
      numberOfLines={1}
      style={
        Object {
          "alignSelf": "flex-start",
          "color": "#69707C",
          "fontSize": 12.600000000000001,
          "lineHeight": 18.9,
          "marginRight": 12.8,
          "width": "100%",
        }
      }
    />
  </View>
</View>
`;
