// Jest Snapshot v1, https://goo.gl/fbAQLP

exports[`Label render correctly Match snapshot 1`] = `
<View
  style={
    Object {
      "backgroundColor": "#F5F6F7",
      "flexDirection": "column",
      "height": 32,
      "justifyContent": "center",
      "paddingLeft": 17.6,
      "paddingRight": 17.6,
    }
  }
>
  <Text
    style={
      Object {
        "color": "#69707C",
        "fontFamily": "Poppins",
        "fontSize": 10.8,
        "fontStyle": "normal",
        "fontWeight": "normal",
        "lineHeight": 16.2,
      }
    }
  >
    People in 
    <Text
      style={
        Object {
          "color": "#FFFFFF",
          "fontFamily": "Poppins",
          "fontSize": 10.8,
          "fontStyle": "normal",
          "fontWeight": "bold",
          "lineHeight": 16.2,
        }
      }
    >
      #Veterans
    </Text>
     follow...
  </Text>
</View>
`;
