// Jest Snapshot v1, https://goo.gl/fbAQLP

exports[`component BlockDomain BlockDomain snapshot 1`] = `
<View>
  <RBSheet
    animationType="none"
    closeDuration={200}
    closeOnDragDown={true}
    closeOnPressBack={true}
    closeOnPressMask={true}
    customStyles={
      Object {
        "container": Object {
          "borderTopLeftRadius": 20,
          "borderTopRightRadius": 20,
          "height": "auto",
        },
        "draggableIcon": Object {
          "backgroundColor": "#E0E0E0",
          "width": 60,
        },
      }
    }
    dragFromTopOnly={false}
    height={260}
    keyboardAvoidingViewEnabled={false}
    minClosingHeight={0}
    onClose={null}
    onOpen={null}
    openDuration={300}
  >
    <Text
      style={
        Object {
          "color": "#000",
          "fontFamily": "Inter-Semi-bold",
          "fontSize": 18,
          "marginLeft": 21,
        }
      }
    >
      What do you want to do?
    </Text>
    <Text
      style={
        Object {
          "color": "#828282",
          "fontFamily": "Inter-Regular",
          "fontSize": 12,
          "marginBottom": 29,
          "marginHorizontal": 21,
          "marginTop": 17,
        }
      }
    >
      Blocking a domain will not just remove their link from your feed, but also reduce their visibility for all other users.
    </Text>
    <ItemListLarge
      desc="You will not be able to see domain.com’s posts. The domain’s reach will be reduced across BetterSocial, in particular for this link."
      icon="block"
      iconReght={false}
      id={1}
      key="1"
      label="Block domain.com indefinitely"
      onPress={[Function]}
    />
    <ItemListLarge
      desc="This domain is fake, hacked, or involved in criminal activity. You will need to provide additional information to help us take consequences."
      icon="handcuffs"
      iconReght={true}
      id={2}
      key="2"
      label="Block & report domain.com"
      onPress={[Function]}
    />
  </RBSheet>
</View>
`;
