// Jest Snapshot v1, https://goo.gl/fbAQLP

exports[`TESTING ChatItemTargetText RENDER not shown should match snapshot 1`] = `
<View
  style={
    Object {
      "height": 0,
    }
  }
/>
`;

exports[`TESTING ChatItemTargetText RENDER type ANON_PM should match snapshot 1`] = `
<View
  style={
    Object {
      "height": 0,
    }
  }
/>
`;

exports[`TESTING ChatItemTargetText RENDER with block should match snapshot 1`] = `
<View
  style={
    Object {
      "height": 0,
    }
  }
/>
`;

exports[`TESTING ChatItemTargetText RENDER with no block should match snapshot 1`] = `
<View
  style={
    Object {
      "height": 0,
    }
  }
/>
`;
