// Jest Snapshot v1, https://goo.gl/fbAQLP

exports[`it should same as snapshot code should not change 1`] = `
<View
  style={
    Object {
      "flex": 1,
    }
  }
  transition={
    <Transition.Together>
      <Transition.Change
        interpolation="easeInOut"
      />
      <Transition.In
        type="fade"
      />
    </Transition.Together>
  }
/>
`;
