// Jest Snapshot v1, https://goo.gl/fbAQLP

exports[`Tabbar should run correctly tabbar should match with snapshot 1`] = `
<View
  style={
    Object {
      "backgroundColor": "#ffffff",
      "borderBottomColor": "#00000050",
      "borderBottomWidth": 1,
      "flexDirection": "row",
      "paddingHorizontal": 4,
    }
  }
>
  <View
    accessibilityRole="button"
    accessibilityState={Object {}}
    accessible={true}
    focusable={true}
    onClick={[Function]}
    onResponderGrant={[Function]}
    onResponderMove={[Function]}
    onResponderRelease={[Function]}
    onResponderTerminate={[Function]}
    onResponderTerminationRequest={[Function]}
    onStartShouldSetResponder={[Function]}
    style={
      Object {
        "flex": 1,
        "opacity": 1,
        "paddingLeft": 16,
      }
    }
    testID="btn0"
  >
    <Text
      style={
        Object {
          "fontFamily": "Inter-Medium",
          "fontSize": 14,
          "opacity": undefined,
          "paddingVertical": 10,
          "textAlign": "left",
        }
      }
    >
      User
    </Text>
    <View
      style={Object {}}
    />
  </View>
  <View
    accessibilityRole="button"
    accessibilityState={
      Object {
        "selected": true,
      }
    }
    accessible={true}
    focusable={true}
    onClick={[Function]}
    onResponderGrant={[Function]}
    onResponderMove={[Function]}
    onResponderRelease={[Function]}
    onResponderTerminate={[Function]}
    onResponderTerminationRequest={[Function]}
    onStartShouldSetResponder={[Function]}
    style={
      Object {
        "flex": 1,
        "opacity": 1,
        "paddingLeft": 16,
      }
    }
    testID="btn1"
  >
    <Text
      style={
        Object {
          "fontFamily": "Inter-Medium",
          "fontSize": 14,
          "opacity": undefined,
          "paddingVertical": 10,
          "textAlign": "left",
        }
      }
    >
      Communities
    </Text>
    <View
      style={
        Object {
          "borderBottomColor": "#003848",
          "borderBottomWidth": 1,
        }
      }
    />
  </View>
</View>
`;
