// Jest Snapshot v1, https://goo.gl/fbAQLP

exports[`Testing Discovery Screen V2 Testing Discovery Search Bar Match Snapshot 1`] = `
<View
  style={
    Object {
      "backgroundColor": "white",
      "borderBottomColor": "#F5F6F7",
      "borderBottomWidth": 0.8,
      "flexDirection": "row",
      "height": 48,
      "marginTop": 0,
      "paddingVertical": 5.6000000000000005,
      "zIndex": 10,
    }
  }
>
  <View
    style={
      Object {
        "paddingLeft": 20,
      }
    }
  >
    <View
      accessible={true}
      focusable={true}
      onClick={[Function]}
      onResponderGrant={[Function]}
      onResponderMove={[Function]}
      onResponderRelease={[Function]}
      onResponderTerminate={[Function]}
      onResponderTerminationRequest={[Function]}
      onStartShouldSetResponder={[Function]}
      style={
        Object {
          "flex": 1,
          "justifyContent": "center",
          "marginRight": 7.2,
        }
      }
      testID="discoveryScreenBackArrow"
    >
      <View />
    </View>
  </View>
  <View
    style={
      Object {
        "flex": 1,
        "marginRight": 16,
      }
    }
  >
    <View
      style={
        Object {
          "alignSelf": "center",
          "backgroundColor": "#F5F6F7",
          "borderRadius": 6.4,
          "flex": 1,
          "flexDirection": "row",
          "height": 28.8,
          "paddingRight": 6.4,
        }
      }
    >
      <View
        style={
          Object {
            "alignSelf": "center",
            "justifyContent": "center",
            "marginLeft": 7.736000000000001,
            "marginRight": 1.336,
          }
        }
      >
        <View />
      </View>
      <TextInput
        allowFontScaling={true}
        multiline={false}
        onBlur={[Function]}
        onChangeText={[Function]}
        onFocus={[Function]}
        onSubmitEditing={[Function]}
        placeholder="Search BetterSocial"
        placeholderTextColor="#C4C4C4"
        rejectResponderTermination={true}
        returnKeyType="search"
        style={
          Object {
            "alignSelf": "center",
            "flex": 1,
            "fontFamily": "Inter-Regular",
            "fontSize": 12.600000000000001,
            "height": 26.400000000000002,
            "marginRight": 12.8,
            "paddingBottom": 0,
            "paddingStart": 6.4,
            "paddingTop": 0,
          }
        }
        testID="discoveryScreenSearchBar"
        underlineColorAndroid="transparent"
        value=""
      />
      <View
        accessible={true}
        focusable={true}
        onClick={[Function]}
        onResponderGrant={[Function]}
        onResponderMove={[Function]}
        onResponderRelease={[Function]}
        onResponderTerminate={[Function]}
        onResponderTerminationRequest={[Function]}
        onStartShouldSetResponder={[Function]}
        style={
          Object {
            "alignItems": "center",
            "justifyContent": "center",
            "marginRight": -16.400000000000002,
            "opacity": 1,
            "paddingHorizontal": 24,
            "zIndex": 1000,
          }
        }
        testID="discoveryScreenClearButton"
      >
        <View
          style={
            Object {
              "alignSelf": "center",
              "justifyContent": "center",
            }
          }
        >
          <View />
        </View>
      </View>
    </View>
  </View>
</View>
`;
