// Jest Snapshot v1, https://goo.gl/fbAQLP

exports[`ChannelListScreenV2 RENDER should match snapshot 1`] = `
<View>
  <View
    style={
      Object {
        "height": 52,
      }
    }
  >
    <View
      style={
        Object {
          "backgroundColor": "white",
          "borderBottomColor": "#E8EBED",
          "borderBottomWidth": 1,
          "flexDirection": "row",
          "left": 0,
          "marginBottom": 8,
          "paddingBottom": 7,
          "paddingTop": 7,
          "position": "absolute",
          "right": 0,
          "top": 0,
          "zIndex": 10,
        }
      }
    >
      <View
        accessible={true}
        collapsable={false}
        focusable={true}
        style={
          Object {
            "flex": 1,
          }
        }
      >
        <View
          style={
            Object {
              "alignSelf": "center",
              "backgroundColor": "#F5F5F5",
              "borderRadius": 8,
              "flex": 1,
              "flexDirection": "row",
              "height": 36,
              "marginLeft": 20,
              "marginRight": 12,
            }
          }
        >
          <View
            style={
              Object {
                "alignSelf": "center",
                "justifyContent": "center",
                "marginLeft": 8,
              }
            }
          >
            <View />
          </View>
          <Text
            style={
              Object {
                "alignSelf": "center",
                "color": "#9B9FA9",
                "flex": 1,
                "fontFamily": "Inter-Regular",
                "fontSize": 14,
                "lineHeight": 36,
                "paddingBottom": 0,
                "paddingStart": 10,
                "paddingTop": 0,
              }
            }
          >
            Search Users
          </Text>
        </View>
      </View>
    </View>
  </View>
  <RCTScrollView
    ListHeaderComponent={
      <Memo(ChannelListHeaderItem)
        name="Anonymous"
        picture={
          Object {
            "testUri": "../../../src/assets/images/AnonymousProfile.png",
          }
        }
        testID="horizontal-tab-1"
        type="ANONYMOUS"
      />
    }
    data={Array []}
    disableVirtualization={false}
    getItem={[Function]}
    getItemCount={[Function]}
    horizontal={false}
    initialNumToRender={10}
    keyExtractor={[Function]}
    maxToRenderPerBatch={10}
    onContentSizeChange={[Function]}
    onEndReachedThreshold={2}
    onLayout={[Function]}
    onMomentumScrollEnd={[Function]}
    onScroll={[Function]}
    onScrollBeginDrag={[Function]}
    onScrollEndDrag={[Function]}
    removeClippedSubviews={false}
    renderItem={[Function]}
    scrollEventThrottle={50}
    stickyHeaderIndices={Array []}
    updateCellsBatchingPeriod={50}
    viewabilityConfigCallbackPairs={Array []}
    windowSize={21}
  >
    <View>
      <View
        onLayout={[Function]}
      >
        <View
          style={
            Object {
              "alignItems": "center",
              "backgroundColor": "#ffffff",
              "borderBottomColor": "#003848",
              "borderBottomWidth": 2,
              "flexDirection": "row",
              "height": 38.400000000000006,
              "justifyContent": "center",
              "marginBottom": 1.6,
              "paddingLeft": 24,
              "paddingRight": 24,
            }
          }
          testID="horizontal-tab-1"
        >
          <View
            style={
              Array [
                Object {
                  "overflow": "hidden",
                },
                Array [
                  Object {
                    "borderRadius": 8,
                    "height": 16,
                    "marginRight": 4.800000000000001,
                    "width": 16,
                  },
                  Object {
                    "backgroundColor": "#003848",
                  },
                ],
              ]
            }
          >
            <FastImageView
              defaultSource={null}
              resizeMode="cover"
              source={
                Object {
                  "testUri": "../../../src/assets/images/AnonymousProfile.png",
                }
              }
            />
          </View>
          <Text
            ellipsizeMode="tail"
            numberOfLines={1}
            style={
              Object {
                "color": "#003848",
                "fontFamily": "Inter-Medium",
                "fontSize": 12.600000000000001,
              }
            }
          >
            as 
            Anonymous
          </Text>
        </View>
      </View>
    </View>
  </RCTScrollView>
</View>
`;
